Archive member included to satisfy reference by file (symbol)

C:/ST/STM32CubeIDE_1.18.1/STM32CubeIDE/plugins/com.st.stm32cube.ide.mcu.externaltools.gnu-tools-for-stm32.13.3.rel1.win32_1.0.0.202411081344/tools/bin/../lib/gcc/arm-none-eabi/13.3.1/../../../../arm-none-eabi/lib/thumb/v7e-m+fp/hard\libc_nano.a(libc_a-exit.o)
                              C:/ST/STM32CubeIDE_1.18.1/STM32CubeIDE/plugins/com.st.stm32cube.ide.mcu.externaltools.gnu-tools-for-stm32.13.3.rel1.win32_1.0.0.202411081344/tools/bin/../lib/gcc/arm-none-eabi/13.3.1/../../../../arm-none-eabi/lib/thumb/v7e-m+fp/hard/crt0.o (exit)
C:/ST/STM32CubeIDE_1.18.1/STM32CubeIDE/plugins/com.st.stm32cube.ide.mcu.externaltools.gnu-tools-for-stm32.13.3.rel1.win32_1.0.0.202411081344/tools/bin/../lib/gcc/arm-none-eabi/13.3.1/../../../../arm-none-eabi/lib/thumb/v7e-m+fp/hard\libc_nano.a(libc_a-findfp.o)
                              C:/ST/STM32CubeIDE_1.18.1/STM32CubeIDE/plugins/com.st.stm32cube.ide.mcu.externaltools.gnu-tools-for-stm32.13.3.rel1.win32_1.0.0.202411081344/tools/bin/../lib/gcc/arm-none-eabi/13.3.1/../../../../arm-none-eabi/lib/thumb/v7e-m+fp/hard\libc_nano.a(libc_a-exit.o) (__stdio_exit_handler)
C:/ST/STM32CubeIDE_1.18.1/STM32CubeIDE/plugins/com.st.stm32cube.ide.mcu.externaltools.gnu-tools-for-stm32.13.3.rel1.win32_1.0.0.202411081344/tools/bin/../lib/gcc/arm-none-eabi/13.3.1/../../../../arm-none-eabi/lib/thumb/v7e-m+fp/hard\libc_nano.a(libc_a-fwalk.o)
                              C:/ST/STM32CubeIDE_1.18.1/STM32CubeIDE/plugins/com.st.stm32cube.ide.mcu.externaltools.gnu-tools-for-stm32.13.3.rel1.win32_1.0.0.202411081344/tools/bin/../lib/gcc/arm-none-eabi/13.3.1/../../../../arm-none-eabi/lib/thumb/v7e-m+fp/hard\libc_nano.a(libc_a-findfp.o) (_fwalk_sglue)
C:/ST/STM32CubeIDE_1.18.1/STM32CubeIDE/plugins/com.st.stm32cube.ide.mcu.externaltools.gnu-tools-for-stm32.13.3.rel1.win32_1.0.0.202411081344/tools/bin/../lib/gcc/arm-none-eabi/13.3.1/../../../../arm-none-eabi/lib/thumb/v7e-m+fp/hard\libc_nano.a(libc_a-stdio.o)
                              C:/ST/STM32CubeIDE_1.18.1/STM32CubeIDE/plugins/com.st.stm32cube.ide.mcu.externaltools.gnu-tools-for-stm32.13.3.rel1.win32_1.0.0.202411081344/tools/bin/../lib/gcc/arm-none-eabi/13.3.1/../../../../arm-none-eabi/lib/thumb/v7e-m+fp/hard\libc_nano.a(libc_a-findfp.o) (__sread)
C:/ST/STM32CubeIDE_1.18.1/STM32CubeIDE/plugins/com.st.stm32cube.ide.mcu.externaltools.gnu-tools-for-stm32.13.3.rel1.win32_1.0.0.202411081344/tools/bin/../lib/gcc/arm-none-eabi/13.3.1/../../../../arm-none-eabi/lib/thumb/v7e-m+fp/hard\libc_nano.a(libc_a-memset.o)
                              C:/ST/STM32CubeIDE_1.18.1/STM32CubeIDE/plugins/com.st.stm32cube.ide.mcu.externaltools.gnu-tools-for-stm32.13.3.rel1.win32_1.0.0.202411081344/tools/bin/../lib/gcc/arm-none-eabi/13.3.1/../../../../arm-none-eabi/lib/thumb/v7e-m+fp/hard/crt0.o (memset)
C:/ST/STM32CubeIDE_1.18.1/STM32CubeIDE/plugins/com.st.stm32cube.ide.mcu.externaltools.gnu-tools-for-stm32.13.3.rel1.win32_1.0.0.202411081344/tools/bin/../lib/gcc/arm-none-eabi/13.3.1/../../../../arm-none-eabi/lib/thumb/v7e-m+fp/hard\libc_nano.a(libc_a-closer.o)
                              C:/ST/STM32CubeIDE_1.18.1/STM32CubeIDE/plugins/com.st.stm32cube.ide.mcu.externaltools.gnu-tools-for-stm32.13.3.rel1.win32_1.0.0.202411081344/tools/bin/../lib/gcc/arm-none-eabi/13.3.1/../../../../arm-none-eabi/lib/thumb/v7e-m+fp/hard\libc_nano.a(libc_a-stdio.o) (_close_r)
C:/ST/STM32CubeIDE_1.18.1/STM32CubeIDE/plugins/com.st.stm32cube.ide.mcu.externaltools.gnu-tools-for-stm32.13.3.rel1.win32_1.0.0.202411081344/tools/bin/../lib/gcc/arm-none-eabi/13.3.1/../../../../arm-none-eabi/lib/thumb/v7e-m+fp/hard\libc_nano.a(libc_a-reent.o)
                              C:/ST/STM32CubeIDE_1.18.1/STM32CubeIDE/plugins/com.st.stm32cube.ide.mcu.externaltools.gnu-tools-for-stm32.13.3.rel1.win32_1.0.0.202411081344/tools/bin/../lib/gcc/arm-none-eabi/13.3.1/../../../../arm-none-eabi/lib/thumb/v7e-m+fp/hard\libc_nano.a(libc_a-closer.o) (errno)
C:/ST/STM32CubeIDE_1.18.1/STM32CubeIDE/plugins/com.st.stm32cube.ide.mcu.externaltools.gnu-tools-for-stm32.13.3.rel1.win32_1.0.0.202411081344/tools/bin/../lib/gcc/arm-none-eabi/13.3.1/../../../../arm-none-eabi/lib/thumb/v7e-m+fp/hard\libc_nano.a(libc_a-impure.o)
                              C:/ST/STM32CubeIDE_1.18.1/STM32CubeIDE/plugins/com.st.stm32cube.ide.mcu.externaltools.gnu-tools-for-stm32.13.3.rel1.win32_1.0.0.202411081344/tools/bin/../lib/gcc/arm-none-eabi/13.3.1/../../../../arm-none-eabi/lib/thumb/v7e-m+fp/hard\libc_nano.a(libc_a-reent.o) (_impure_ptr)
C:/ST/STM32CubeIDE_1.18.1/STM32CubeIDE/plugins/com.st.stm32cube.ide.mcu.externaltools.gnu-tools-for-stm32.13.3.rel1.win32_1.0.0.202411081344/tools/bin/../lib/gcc/arm-none-eabi/13.3.1/../../../../arm-none-eabi/lib/thumb/v7e-m+fp/hard\libc_nano.a(libc_a-lseekr.o)
[...]
Memory Configuration

Name             Origin             Length             Attributes
RAM              0x20000000         0x00020000         xrw
FLASH            0x08000000         0x00080000         xr
*default*        0x00000000         0xffffffff

Linker script and memory map

LOAD C:/ST/STM32CubeIDE_1.18.1/STM32CubeIDE/plugins/com.st.stm32cube.ide.mcu.externaltools.gnu-tools-for-stm32.13.3.rel1.win32_1.0.0.202411081344/tools/bin/../lib/gcc/arm-none-eabi/13.3.1/thumb/v7e-m+fp/hard/crti.o
LOAD C:/ST/STM32CubeIDE_1.18.1/STM32CubeIDE/plugins/com.st.stm32cube.ide.mcu.externaltools.gnu-tools-for-stm32.13.3.rel1.win32_1.0.0.202411081344/tools/bin/../lib/gcc/arm-none-eabi/13.3.1/thumb/v7e-m+fp/hard/crtbegin.o
LOAD C:/ST/STM32CubeIDE_1.18.1/STM32CubeIDE/plugins/com.st.stm32cube.ide.mcu.externaltools.gnu-tools-for-stm32.13.3.rel1.win32_1.0.0.202411081344/tools/bin/../lib/gcc/arm-none-eabi/13.3.1/../../../../arm-none-eabi/lib/thumb/v7e-m+fp/hard/crt0.o
LOAD ./Application/Startup/startup_stm32g474retx.o
LOAD ./Application/User/aspep.o
LOAD ./Application/User/hall_speed_pos_fdbk.o
LOAD ./Application/User/main.o
LOAD ./Application/User/mc_api.o
LOAD ./Application/User/mc_app_hooks.o
LOAD ./Application/User/mc_config.o
LOAD ./Application/User/mc_config_common.o
LOAD ./Application/User/mc_configuration_registers.o
LOAD ./Application/User/mc_interface.o
LOAD ./Application/User/mc_math.o
LOAD ./Application/User/mc_parameters.o
LOAD ./Application/User/mc_perf.o
LOAD ./Application/User/mc_tasks.o
LOAD ./Application/User/mc_tasks_foc.o
LOAD ./Application/User/mcp.o
LOAD ./Application/User/mcp_config.o
LOAD ./Application/User/motorcontrol.o
LOAD ./Application/User/pwm_common.o
LOAD ./Application/User/pwm_curr_fdbk.o
LOAD ./Application/User/register_interface.o
LOAD ./Application/User/regular_conversion_manager.o
LOAD ./Application/User/stm32_mc_common_it.o
LOAD ./Application/User/stm32g4xx_hal_msp.o
LOAD ./Application/User/stm32g4xx_it.o
LOAD ./Application/User/stm32g4xx_mc_it.o
LOAD ./Application/User/syscalls.o
LOAD ./Application/User/sysmem.o
LOAD ./Application/User/usart_aspep_driver.o
LOAD ./Drivers/CMSIS/system_stm32g4xx.o
LOAD ./Drivers/STM32G4xx_HAL_Driver/stm32g4xx_hal.o
LOAD ./Drivers/STM32G4xx_HAL_Driver/stm32g4xx_hal_adc.o
LOAD ./Drivers/STM32G4xx_HAL_Driver/stm32g4xx_hal_adc_ex.o
LOAD ./Drivers/STM32G4xx_HAL_Driver/stm32g4xx_hal_cordic.o
LOAD ./Drivers/STM32G4xx_HAL_Driver/stm32g4xx_hal_cortex.o
LOAD ./Drivers/STM32G4xx_HAL_Driver/stm32g4xx_hal_dma.o
LOAD ./Drivers/STM32G4xx_HAL_Driver/stm32g4xx_hal_dma_ex.o
LOAD ./Drivers/STM32G4xx_HAL_Driver/stm32g4xx_hal_exti.o
LOAD ./Drivers/STM32G4xx_HAL_Driver/stm32g4xx_hal_flash.o
LOAD ./Drivers/STM32G4xx_HAL_Driver/stm32g4xx_hal_flash_ex.o
LOAD ./Drivers/STM32G4xx_HAL_Driver/stm32g4xx_hal_flash_ramfunc.o
LOAD ./Drivers/STM32G4xx_HAL_Driver/stm32g4xx_hal_gpio.o
LOAD ./Drivers/STM32G4xx_HAL_Driver/stm32g4xx_hal_pwr.o
LOAD ./Drivers/STM32G4xx_HAL_Driver/stm32g4xx_hal_pwr_ex.o
LOAD ./Drivers/STM32G4xx_HAL_Driver/stm32g4xx_hal_rcc.o
LOAD ./Drivers/STM32G4xx_HAL_Driver/stm32g4xx_hal_rcc_ex.o
LOAD ./Drivers/STM32G4xx_HAL_Driver/stm32g4xx_hal_tim.o
LOAD ./Drivers/STM32G4xx_HAL_Driver/stm32g4xx_hal_tim_ex.o
LOAD ./Drivers/STM32G4xx_HAL_Driver/stm32g4xx_hal_uart.o
LOAD ./Drivers/STM32G4xx_HAL_Driver/stm32g4xx_hal_uart_ex.o
LOAD ./Drivers/STM32G4xx_HAL_Driver/stm32g4xx_ll_adc.o
LOAD ./Middlewares/MotorControl/bus_voltage_sensor.o
LOAD ./Middlewares/MotorControl/circle_limitation.o
LOAD ./Middlewares/MotorControl/digital_output.o
LOAD ./Middlewares/MotorControl/mcpa.o
LOAD ./Middlewares/MotorControl/ntc_temperature_sensor.o
LOAD ./Middlewares/MotorControl/open_loop.o
LOAD ./Middlewares/MotorControl/pid_regulator.o
LOAD ./Middlewares/MotorControl/pqd_motor_power_measurement.o
LOAD ./Middlewares/MotorControl/r3_2_g4xx_pwm_curr_fdbk.o
LOAD ./Middlewares/MotorControl/r_divider_bus_voltage_sensor.o
LOAD ./Middlewares/MotorControl/ramp_ext_mngr.o
LOAD ./Middlewares/MotorControl/revup_ctrl.o
LOAD ./Middlewares/MotorControl/speed_pos_fdbk.o
LOAD ./Middlewares/MotorControl/speed_torq_ctrl.o
LOAD ./Middlewares/MotorControl/sto_pll_speed_pos_fdbk.o
LOAD ./Middlewares/MotorControl/virtual_speed_sensor.o
START GROUP
LOAD C:/ST/STM32CubeIDE_1.18.1/STM32CubeIDE/plugins/com.st.stm32cube.ide.mcu.externaltools.gnu-tools-for-stm32.13.3.rel1.win32_1.0.0.202411081344/tools/bin/../lib/gcc/arm-none-eabi/13.3.1/../../../../arm-none-eabi/lib/thumb/v7e-m+fp/hard\libc_nano.a
LOAD C:/ST/STM32CubeIDE_1.18.1/STM32CubeIDE/plugins/com.st.stm32cube.ide.mcu.externaltools.gnu-tools-for-stm32.13.3.rel1.win32_1.0.0.202411081344/tools/bin/../lib/gcc/arm-none-eabi/13.3.1/../../../../arm-none-eabi/lib/thumb/v7e-m+fp/hard\libm.a
END GROUP
START GROUP
LOAD C:/ST/STM32CubeIDE_1.18.1/STM32CubeIDE/plugins/com.st.stm32cube.ide.mcu.externaltools.gnu-tools-for-stm32.13.3.rel1.win32_1.0.0.202411081344/tools/bin/../lib/gcc/arm-none-eabi/13.3.1/thumb/v7e-m+fp/hard\libgcc.a
LOAD C:/ST/STM32CubeIDE_1.18.1/STM32CubeIDE/plugins/com.st.stm32cube.ide.mcu.externaltools.gnu-tools-for-stm32.13.3.rel1.win32_1.0.0.202411081344/tools/bin/../lib/gcc/arm-none-eabi/13.3.1/../../../../arm-none-eabi/lib/thumb/v7e-m+fp/hard\libc_nano.a
END GROUP
START GROUP
LOAD C:/ST/STM32CubeIDE_1.18.1/STM32CubeIDE/plugins/com.st.stm32cube.ide.mcu.externaltools.gnu-tools-for-stm32.13.3.rel1.win32_1.0.0.202411081344/tools/bin/../lib/gcc/arm-none-eabi/13.3.1/thumb/v7e-m+fp/hard\libgcc.a
LOAD C:/ST/STM32CubeIDE_1.18.1/STM32CubeIDE/plugins/com.st.stm32cube.ide.mcu.externaltools.gnu-tools-for-stm32.13.3.rel1.win32_1.0.0.202411081344/tools/bin/../lib/gcc/arm-none-eabi/13.3.1/../../../../arm-none-eabi/lib/thumb/v7e-m+fp/hard\libc_nano.a
LOAD C:/ST/STM32CubeIDE_1.18.1/STM32CubeIDE/plugins/com.st.stm32cube.ide.mcu.externaltools.gnu-tools-for-stm32.13.3.rel1.win32_1.0.0.202411081344/tools/bin/../lib/gcc/arm-none-eabi/13.3.1/../../../../arm-none-eabi/lib/thumb/v7e-m+fp/hard\libnosys.a
END GROUP
START GROUP
LOAD C:/ST/STM32CubeIDE_1.18.1/STM32CubeIDE/plugins/com.st.stm32cube.ide.mcu.externaltools.gnu-tools-for-stm32.13.3.rel1.win32_1.0.0.202411081344/tools/bin/../lib/gcc/arm-none-eabi/13.3.1/thumb/v7e-m+fp/hard\libgcc.a
LOAD C:/ST/STM32CubeIDE_1.18.1/STM32CubeIDE/plugins/com.st.stm32cube.ide.mcu.externaltools.gnu-tools-for-stm32.13.3.rel1.win32_1.0.0.202411081344/tools/bin/../lib/gcc/arm-none-eabi/13.3.1/../../../../arm-none-eabi/lib/thumb/v7e-m+fp/hard\libc_nano.a
LOAD C:/ST/STM32CubeIDE_1.18.1/STM32CubeIDE/plugins/com.st.stm32cube.ide.mcu.externaltools.gnu-tools-for-stm32.13.3.rel1.win32_1.0.0.202411081344/tools/bin/../lib/gcc/arm-none-eabi/13.3.1/../../../../arm-none-eabi/lib/thumb/v7e-m+fp/hard\libnosys.a
END GROUP
LOAD C:/ST/STM32CubeIDE_1.18.1/STM32CubeIDE/plugins/com.st.stm32cube.ide.mcu.externaltools.gnu-tools-for-stm32.13.3.rel1.win32_1.0.0.202411081344/tools/bin/../lib/gcc/arm-none-eabi/13.3.1/thumb/v7e-m+fp/hard/crtend.o
LOAD C:/ST/STM32CubeIDE_1.18.1/STM32CubeIDE/plugins/com.st.stm32cube.ide.mcu.externaltools.gnu-tools-for-stm32.13.3.rel1.win32_1.0.0.202411081344/tools/bin/../lib/gcc/arm-none-eabi/13.3.1/thumb/v7e-m+fp/hard/crtn.o
                0x20020000                        _estack = (ORIGIN (RAM) + LENGTH (RAM))
                0x00000200                        _Min_Heap_Size = 0x200
                0x00000400                        _Min_Stack_Size = 0x400

.isr_vector     0x08000000      0x1d8
                0x08000000                        . = ALIGN (0x4)
 *(.isr_vector)
 .isr_vector    0x08000000      0x1d8 ./Application/Startup/startup_stm32g474retx.o
                0x08000000                g_pfnVectors
                0x080001d8                        . = ALIGN (0x4)

.text           0x080001d8     0xaee4
                0x080001d8                        . = ALIGN (0x4)
 *(.text)
 .text          0x080001d8       0x40 C:/ST/STM32CubeIDE_1.18.1/STM32CubeIDE/plugins/com.st.stm32cube.ide.mcu.externaltools.gnu-tools-for-stm32.13.3.rel1.win32_1.0.0.202411081344/tools/bin/../lib/gcc/arm-none-eabi/13.3.1/thumb/v7e-m+fp/hard/crtbegin.o
 .text          0x08000218      0x254 C:/ST/STM32CubeIDE_1.18.1/STM32CubeIDE/plugins/com.st.stm32cube.ide.mcu.externaltools.gnu-tools-for-stm32.13.3.rel1.win32_1.0.0.202411081344/tools/bin/../lib/gcc/arm-none-eabi/13.3.1/thumb/v7e-m+fp/hard\libgcc.a(_arm_muldf3.o)
                0x08000218                __muldf3
                0x08000218                __aeabi_dmul
 .text          0x0800046c      0x378 C:/ST/STM32CubeIDE_1.18.1/STM32CubeIDE/plugins/com.st.stm32cube.ide.mcu.externaltools.gnu-tools-for-stm32.13.3.rel1.win32_1.0.0.202411081344/tools/bin/../lib/gcc/arm-none-eabi/13.3.1/thumb/v7e-m+fp/hard\libgcc.a(_arm_addsubdf3.o)
                0x0800046c                __aeabi_drsub
                0x08000474                __aeabi_dsub
                0x08000474                __subdf3
                0x08000478                __aeabi_dadd
                0x08000478                __adddf3
                0x080006f0                __floatunsidf
                0x080006f0                __aeabi_ui2d
                0x08000710                __floatsidf
                0x08000710                __aeabi_i2d
                0x08000734                __aeabi_f2d
                0x08000734                __extendsfdf2
                0x08000778                __floatundidf
                0x08000778                __aeabi_ul2d
                0x08000788                __floatdidf
                0x08000788                __aeabi_l2d
 .text          0x080007e4      0x110 C:/ST/STM32CubeIDE_1.18.1/STM32CubeIDE/plugins/com.st.stm32cube.ide.mcu.externaltools.gnu-tools-for-stm32.13.3.rel1.win32_1.0.0.202411081344/tools/bin/../lib/gcc/arm-none-eabi/13.3.1/thumb/v7e-m+fp/hard\libgcc.a(_arm_cmpdf2.o)
                0x080007e4                __gtdf2
                0x080007e4                __gedf2
                0x080007ec                __ltdf2
                0x080007ec                __ledf2
                0x080007f4                __nedf2
                0x080007f4                __eqdf2
                0x080007f4                __cmpdf2
                0x08000870                __aeabi_cdrcmple
                0x08000880                __aeabi_cdcmpeq
                0x08000880                __aeabi_cdcmple
                0x08000890                __aeabi_dcmpeq
                0x080008a4                __aeabi_dcmplt
                0x080008b8                __aeabi_dcmple
                0x080008cc                __aeabi_dcmpge
                0x080008e0                __aeabi_dcmpgt
 .text          0x080008f4       0x30 C:/ST/STM32CubeIDE_1.18.1/STM32CubeIDE/plugins/com.st.stm32cube.ide.mcu.externaltools.gnu-tools-for-stm32.13.3.rel1.win32_1.0.0.202411081344/tools/bin/../lib/gcc/arm-none-eabi/13.3.1/thumb/v7e-m+fp/hard\libgcc.a(_aeabi_uldivmod.o)
                0x080008f4                __aeabi_uldivmod
 .text          0x08000924      0x2f8 C:/ST/STM32CubeIDE_1.18.1/STM32CubeIDE/plugins/com.st.stm32cube.ide.mcu.externaltools.gnu-tools-for-stm32.13.3.rel1.win32_1.0.0.202411081344/tools/bin/../lib/gcc/arm-none-eabi/13.3.1/thumb/v7e-m+fp/hard\libgcc.a(_udivmoddi4.o)
                0x08000924                __udivmoddi4
 .text          0x08000c1c        0x4 C:/ST/STM32CubeIDE_1.18.1/STM32CubeIDE/plugins/com.st.stm32cube.ide.mcu.externaltools.gnu-tools-for-stm32.13.3.rel1.win32_1.0.0.202411081344/tools/bin/../lib/gcc/arm-none-eabi/13.3.1/thumb/v7e-m+fp/hard\libgcc.a(_dvmd_tls.o)
                0x08000c1c                __aeabi_idiv0
                0x08000c1c                __aeabi_ldiv0
 *(.text*)
 .text.Reset_Handler
                0x08000c20       0x50 ./Application/Startup/startup_stm32g474retx.o
                0x08000c20                Reset_Handler
 .text.Default_Handler
                0x08000c70        0x2 ./Application/Startup/startup_stm32g474retx.o
                0x08000c70                RTC_Alarm_IRQHandler
                0x08000c70                EXTI2_IRQHandler
                0x08000c70                TIM8_TRG_COM_IRQHandler
                0x08000c70                TIM8_CC_IRQHandler
                0x08000c70                HRTIM1_Master_IRQHandler
                0x08000c70                DebugMon_Handler
                0x08000c70                SPI4_IRQHandler
                0x08000c70                FDCAN3_IT0_IRQHandler
                0x08000c70                TIM1_CC_IRQHandler
                0x08000c70                HRTIM1_FLT_IRQHandler
                0x08000c70                HRTIM1_TIMF_IRQHandler
                0x08000c70                USB_HP_IRQHandler
                0x08000c70                CORDIC_IRQHandler
                0x08000c70                HRTIM1_TIMD_IRQHandler
                0x08000c70                PendSV_Handler
                0x08000c70                DMA2_Channel8_IRQHandler
                0x08000c70                NMI_Handler
                0x08000c70                EXTI3_IRQHandler
                0x08000c70                I2C3_ER_IRQHandler
                0x08000c70                EXTI0_IRQHandler
                0x08000c70                I2C2_EV_IRQHandler
                0x08000c70                FPU_IRQHandler
                0x08000c70                FDCAN1_IT1_IRQHandler
                0x08000c70                UsageFault_Handler
                0x08000c70                HRTIM1_TIME_IRQHandler
                0x08000c70                SPI1_IRQHandler
                0x08000c70                TIM6_DAC_IRQHandler
                0x08000c70                HRTIM1_TIMC_IRQHandler
                0x08000c70                TIM8_UP_IRQHandler
                0x08000c70                DMA2_Channel2_IRQHandler
                0x08000c70                DMA1_Channel4_IRQHandler
                0x08000c70                TIM20_TRG_COM_IRQHandler
                0x08000c70                USART3_IRQHandler
                0x08000c70                DMA1_Channel7_IRQHandler
                0x08000c70                UART5_IRQHandler
                0x08000c70                ADC3_IRQHandler
                0x08000c70                TIM4_IRQHandler
                0x08000c70                DMA2_Channel1_IRQHandler
                0x08000c70                QUADSPI_IRQHandler
                0x08000c70                I2C1_EV_IRQHandler
                0x08000c70                DMA1_Channel6_IRQHandler
                0x08000c70                UART4_IRQHandler
                0x08000c70                DMA2_Channel4_IRQHandler
                0x08000c70                TIM3_IRQHandler
                0x08000c70                RCC_IRQHandler
                0x08000c70                TIM20_UP_IRQHandler
                0x08000c70                Default_Handler
                0x08000c70                DMA2_Channel7_IRQHandler
                0x08000c70                RTC_TAMP_LSECSS_IRQHandler
                0x08000c70                FMAC_IRQHandler
                0x08000c70                DMA1_Channel8_IRQHandler
                0x08000c70                HRTIM1_TIMA_IRQHandler
                0x08000c70                TIM7_DAC_IRQHandler
                0x08000c70                FDCAN3_IT1_IRQHandler
                0x08000c70                TIM5_IRQHandler
                0x08000c70                UCPD1_IRQHandler
                0x08000c70                I2C3_EV_IRQHandler
                0x08000c70                EXTI9_5_IRQHandler
                0x08000c70                RTC_WKUP_IRQHandler
                0x08000c70                PVD_PVM_IRQHandler
                0x08000c70                SPI2_IRQHandler
                0x08000c70                MemManage_Handler
                0x08000c70                ADC5_IRQHandler
                0x08000c70                SVC_Handler
                0x08000c70                DMA2_Channel5_IRQHandler
                0x08000c70                CRS_IRQHandler
                0x08000c70                DMA1_Channel5_IRQHandler
                0x08000c70                USB_LP_IRQHandler
                0x08000c70                EXTI4_IRQHandler
                0x08000c70                RNG_IRQHandler
                0x08000c70                HRTIM1_TIMB_IRQHandler
                0x08000c70                TIM1_TRG_COM_TIM17_IRQHandler
                0x08000c70                FDCAN2_IT1_IRQHandler
                0x08000c70                DMA1_Channel3_IRQHandler
                0x08000c70                ADC4_IRQHandler
                0x08000c70                WWDG_IRQHandler
                0x08000c70                I2C4_EV_IRQHandler
                0x08000c70                FDCAN2_IT0_IRQHandler
                0x08000c70                LPUART1_IRQHandler
                0x08000c70                DMA2_Channel6_IRQHandler
                0x08000c70                FDCAN1_IT0_IRQHandler
                0x08000c70                COMP7_IRQHandler
                0x08000c70                COMP1_2_3_IRQHandler
                0x08000c70                EXTI1_IRQHandler
                0x08000c70                COMP4_5_6_IRQHandler
                0x08000c70                TIM20_BRK_IRQHandler
                0x08000c70                I2C2_ER_IRQHandler
                0x08000c70                DMA1_Channel2_IRQHandler
                0x08000c70                TIM8_BRK_IRQHandler
                0x08000c70                FLASH_IRQHandler
                0x08000c70                TIM20_CC_IRQHandler
                0x08000c70                BusFault_Handler
                0x08000c70                USART1_IRQHandler
                0x08000c70                SPI3_IRQHandler
                0x08000c70                I2C1_ER_IRQHandler
                0x08000c70                FMC_IRQHandler
                0x08000c70                LPTIM1_IRQHandler
                0x08000c70                DMAMUX_OVR_IRQHandler
                0x08000c70                I2C4_ER_IRQHandler
                0x08000c70                USBWakeUp_IRQHandler
                0x08000c70                SAI1_IRQHandler
                0x08000c70                DMA2_Channel3_IRQHandler
 *fill*         0x08000c72        0x2 
 .text.ASPEP_start
                0x08000c74       0x28 ./Application/User/aspep.o
                0x08000c74                ASPEP_start
 .text.ASPEP_sendBeacon
                0x08000c9c       0x8c ./Application/User/aspep.o
                0x08000c9c                ASPEP_sendBeacon
 .text.ASPEP_sendPing
                0x08000d28       0x8c ./Application/User/aspep.o
                0x08000d28                ASPEP_sendPing
 .text.ASPEP_getBuffer
                0x08000db4       0x60 ./Application/User/aspep.o
                0x08000db4                ASPEP_getBuffer
 .text.ASPEP_sendPacket
                0x08000e14      0x118 ./Application/User/aspep.o
                0x08000e14                ASPEP_sendPacket
 .text.ASPEP_HWDataTransmittedIT
                0x08000f2c       0x98 ./Application/User/aspep.o
                0x08000f2c                ASPEP_HWDataTransmittedIT
 .text.ASPEP_RXframeProcess
                0x08000fc4      0x2b4 ./Application/User/aspep.o
                0x08000fc4                ASPEP_RXframeProcess
 .text.ASPEP_HWDataReceivedIT
                0x08001278       0xa0 ./Application/User/aspep.o
                0x08001278                ASPEP_HWDataReceivedIT
 .text.ASPEP_HWReset
                0x08001318       0x14 ./Application/User/aspep.o
                0x08001318                ASPEP_HWReset
 .text.HALL_Init
                0x0800132c      0x114 ./Application/User/hall_speed_pos_fdbk.o
                0x0800132c                HALL_Init
 .text.HALL_Clear
                0x08001440      0x134 ./Application/User/hall_speed_pos_fdbk.o
                0x08001440                HALL_Clear
 .text.HALL_CalcElAngle
                0x08001574       0x8c ./Application/User/hall_speed_pos_fdbk.o
                0x08001574                HALL_CalcElAngle
 .text.HALL_CalcAvrgMecSpeedUnit
                0x08001600       0x98 ./Application/User/hall_speed_pos_fdbk.o
                0x08001600                HALL_CalcAvrgMecSpeedUnit
 .text.HALL_TIMx_CC_IRQHandler
                0x08001698      0x334 ./Application/User/hall_speed_pos_fdbk.o
                0x08001698                HALL_TIMx_CC_IRQHandler
 .text.HALL_TIMx_UP_IRQHandler
                0x080019cc      0x16c ./Application/User/hall_speed_pos_fdbk.o
                0x080019cc                HALL_TIMx_UP_IRQHandler
 .text.HAL_UART_RxCpltCallback
                0x08001b38       0xe4 ./Application/User/main.o
                0x08001b38                HAL_UART_RxCpltCallback
 *fill*         0x08001c1c        0x4 
 .text.SystemClock_Config
                0x08001c20       0x78 ./Application/User/main.o
                0x08001c20                SystemClock_Config
 .text.startup.main
                0x08001c98      0x880 ./Application/User/main.o
                0x08001c98                main
 .text.Error_Handler
                0x08002518        0x4 ./Application/User/main.o
                0x08002518                Error_Handler
 .text.MC_StartMotor1
                0x0800251c        0xc ./Application/User/mc_api.o
                0x0800251c                MC_StartMotor1
 .text.MC_StopMotor1
                0x08002528        0xc ./Application/User/mc_api.o
                0x08002528                MC_StopMotor1
 .text.MC_ProgramSpeedRampMotor1_F
                0x08002534       0x10 ./Application/User/mc_api.o
                0x08002534                MC_ProgramSpeedRampMotor1_F
 .text.MC_ProgramTorqueRampMotor1_F
                0x08002544       0x10 ./Application/User/mc_api.o
                0x08002544                MC_ProgramTorqueRampMotor1_F
 .text.MC_GetAverageMecSpeedMotor1_F
                0x08002554        0xc ./Application/User/mc_api.o
                0x08002554                MC_GetAverageMecSpeedMotor1_F
 .text.MC_AcknowledgeFaultMotor1
                0x08002560        0xc ./Application/User/mc_api.o
                0x08002560                MC_AcknowledgeFaultMotor1
 .text.MC_GetOccurredFaultsMotor1
                0x0800256c        0xc ./Application/User/mc_api.o
                0x0800256c                MC_GetOccurredFaultsMotor1
 .text.MC_GetSTMStateMotor1
                0x08002578        0xc ./Application/User/mc_api.o
                0x08002578                MC_GetSTMStateMotor1
 .text.MC_ProfilerCommand
                0x08002584        0x4 ./Application/User/mc_api.o
                0x08002584                MC_ProfilerCommand
 .text.MC_APP_BootHook
                0x08002588        0x4 ./Application/User/mc_app_hooks.o
                0x08002588                MC_APP_BootHook
 .text.MC_APP_PostMediumFrequencyHook_M1
                0x0800258c        0x4 ./Application/User/mc_app_hooks.o
                0x0800258c                MC_APP_PostMediumFrequencyHook_M1
 .text.MCI_ExecSpeedRamp
                0x08002590       0x14 ./Application/User/mc_interface.o
                0x08002590                MCI_ExecSpeedRamp
 .text.MCI_ExecSpeedRamp_F
                0x080025a4       0x20 ./Application/User/mc_interface.o
                0x080025a4                MCI_ExecSpeedRamp_F
 .text.MCI_ExecTorqueRamp
                0x080025c4       0x14 ./Application/User/mc_interface.o
                0x080025c4                MCI_ExecTorqueRamp
 .text.MCI_ExecTorqueRamp_F
                0x080025d8       0x20 ./Application/User/mc_interface.o
                0x080025d8                MCI_ExecTorqueRamp_F
 .text.MCI_SetCurrentReferences
                0x080025f8       0x14 ./Application/User/mc_interface.o
                0x080025f8                MCI_SetCurrentReferences
 .text.MCI_FaultProcessing
                0x0800260c       0x18 ./Application/User/mc_interface.o
                0x0800260c                MCI_FaultProcessing
 .text.MCI_ExecBufferedCommands
                0x08002624       0x78 ./Application/User/mc_interface.o
                0x08002624                MCI_ExecBufferedCommands
 .text.MCI_GetSTMState
                0x0800269c        0x4 ./Application/User/mc_interface.o
                0x0800269c                MCI_GetSTMState
 .text.MCI_GetOccurredFaults
                0x080026a0        0x4 ./Application/User/mc_interface.o
                0x080026a0                MCI_GetOccurredFaults
 .text.MCI_GetCurrentFaults
                0x080026a4        0x4 ./Application/User/mc_interface.o
                0x080026a4                MCI_GetCurrentFaults
 .text.MCI_StartMotor
                0x080026a8       0x2c ./Application/User/mc_interface.o
                0x080026a8                MCI_StartMotor
 .text.MCI_StopMotor
                0x080026d4       0x38 ./Application/User/mc_interface.o
                0x080026d4                MCI_StopMotor
 .text.MCI_FaultAcknowledged
                0x0800270c       0x24 ./Application/User/mc_interface.o
                0x0800270c                MCI_FaultAcknowledged
 .text.MCI_GetFaultState
                0x08002730        0xc ./Application/User/mc_interface.o
                0x08002730                MCI_GetFaultState
 .text.MCI_GetControlMode
                0x0800273c        0x8 ./Application/User/mc_interface.o
                0x0800273c                MCI_GetControlMode
 .text.MCI_GetLastRampFinalSpeed
                0x08002744        0x8 ./Application/User/mc_interface.o
                0x08002744                MCI_GetLastRampFinalSpeed
 .text.MCI_GetLastRampFinalTorque
                0x0800274c        0x8 ./Application/User/mc_interface.o
                0x0800274c                MCI_GetLastRampFinalTorque
 .text.MCI_GetLastRampFinalDuration
                0x08002754        0x4 ./Application/User/mc_interface.o
                0x08002754                MCI_GetLastRampFinalDuration
 .text.MCI_StopRamp
                0x08002758        0xc ./Application/User/mc_interface.o
                0x08002758                MCI_StopRamp
 .text.MCI_GetAvrgMecSpeedUnit
                0x08002764        0x8 ./Application/User/mc_interface.o
                0x08002764                MCI_GetAvrgMecSpeedUnit
 .text.MCI_GetAvrgMecSpeed_F
                0x0800276c       0x1c ./Application/User/mc_interface.o
                0x0800276c                MCI_GetAvrgMecSpeed_F
 .text.MCI_GetMecSpeedRefUnit
                0x08002788        0x8 ./Application/User/mc_interface.o
                0x08002788                MCI_GetMecSpeedRefUnit
 .text.MCI_GetIab
                0x08002790       0x14 ./Application/User/mc_interface.o
                0x08002790                MCI_GetIab
 .text.MCI_GetIalphabeta
                0x080027a4       0x14 ./Application/User/mc_interface.o
                0x080027a4                MCI_GetIalphabeta
 .text.MCI_GetIqd
                0x080027b8       0x14 ./Application/User/mc_interface.o
                0x080027b8                MCI_GetIqd
 .text.MCI_GetIqdref
                0x080027cc       0x14 ./Application/User/mc_interface.o
                0x080027cc                MCI_GetIqdref
 .text.MCI_GetVqd
                0x080027e0       0x14 ./Application/User/mc_interface.o
                0x080027e0                MCI_GetVqd
 .text.MCI_GetValphabeta
                0x080027f4       0x14 ./Application/User/mc_interface.o
                0x080027f4                MCI_GetValphabeta
 .text.MCI_GetTeref
                0x08002808        0x8 ./Application/User/mc_interface.o
                0x08002808                MCI_GetTeref
 .text.MCI_Clear_Iqdref
                0x08002810       0x14 ./Application/User/mc_interface.o
                0x08002810                MCI_Clear_Iqdref
 .text.MCI_Clear_PerfMeasure
                0x08002824        0x8 ./Application/User/mc_interface.o
                0x08002824                MCI_Clear_PerfMeasure
 .text.MCM_Clarke
                0x0800282c       0x54 ./Application/User/mc_math.o
                0x0800282c                MCM_Clarke
 .text.MCM_Trig_Functions
                0x08002880       0x20 ./Application/User/mc_math.o
                0x08002880                MCM_Trig_Functions
 .text.MCM_Park
                0x080028a0       0x84 ./Application/User/mc_math.o
                0x080028a0                MCM_Park
 .text.MCM_Rev_Park
                0x08002924       0x3c ./Application/User/mc_math.o
                0x08002924                MCM_Rev_Park
 .text.MCM_Sqrt
                0x08002960       0x20 ./Application/User/mc_math.o
                0x08002960                MCM_Sqrt
 .text.MC_Perf_Measure_Init
                0x08002980       0x44 ./Application/User/mc_perf.o
                0x08002980                MC_Perf_Measure_Init
 .text.MC_Perf_Clear
                0x080029c4       0x28 ./Application/User/mc_perf.o
                0x080029c4                MC_Perf_Clear
 .text.MC_BG_Perf_Measure_Start
                0x080029ec       0x18 ./Application/User/mc_perf.o
                0x080029ec                MC_BG_Perf_Measure_Start
 .text.MC_Perf_Measure_Stop
                0x08002a04       0x44 ./Application/User/mc_perf.o
                0x08002a04                MC_Perf_Measure_Stop
 .text.MC_BG_Perf_Measure_Stop
                0x08002a48       0x4c ./Application/User/mc_perf.o
                0x08002a48                MC_BG_Perf_Measure_Stop
 .text.MC_Perf_GetCPU_Load
                0x08002a94       0x48 ./Application/User/mc_perf.o
                0x08002a94                MC_Perf_GetCPU_Load
 .text.MC_Perf_GetMaxCPU_Load
                0x08002adc       0x48 ./Application/User/mc_perf.o
                0x08002adc                MC_Perf_GetMaxCPU_Load
 .text.MC_Perf_GetMinCPU_Load
                0x08002b24       0x60 ./Application/User/mc_perf.o
                0x08002b24                MC_Perf_GetMinCPU_Load
 .text.MCboot   0x08002b84       0x70 ./Application/User/mc_tasks.o
                0x08002b84                MCboot
 .text.TSK_SetChargeBootCapDelayM1
                0x08002bf4        0xc ./Application/User/mc_tasks.o
                0x08002bf4                TSK_SetChargeBootCapDelayM1
 .text.TSK_ChargeBootCapDelayHasElapsedM1
                0x08002c00       0x14 ./Application/User/mc_tasks.o
                0x08002c00                TSK_ChargeBootCapDelayHasElapsedM1
 .text.TSK_SetStopPermanencyTimeM1
                0x08002c14        0xc ./Application/User/mc_tasks.o
                0x08002c14                TSK_SetStopPermanencyTimeM1
 .text.TSK_StopPermanencyTimeHasElapsedM1
                0x08002c20       0x14 ./Application/User/mc_tasks.o
                0x08002c20                TSK_StopPermanencyTimeHasElapsedM1
 .text.TSK_HighFrequencyTask
                0x08002c34       0x44 ./Application/User/mc_tasks.o
                0x08002c34                TSK_HighFrequencyTask
 .text.TSK_SafetyTask_PWMOFF
                0x08002c78       0xac ./Application/User/mc_tasks.o
                0x08002c78                TSK_SafetyTask_PWMOFF
 .text.TSK_SafetyTask
                0x08002d24       0x20 ./Application/User/mc_tasks.o
                0x08002d24                TSK_SafetyTask
 .text.MC_RunMotorControlTasks
                0x08002d44       0xa4 ./Application/User/mc_tasks.o
                0x08002d44                MC_RunMotorControlTasks
 .text.TSK_HardwareFaultTask
                0x08002de8       0x1c ./Application/User/mc_tasks.o
                0x08002de8                TSK_HardwareFaultTask
 .text.UI_HandleStartStopButton_cb
                0x08002e04       0x18 ./Application/User/mc_tasks.o
                0x08002e04                UI_HandleStartStopButton_cb
 .text.mc_lock_pins
                0x08002e1c      0x124 ./Application/User/mc_tasks.o
                0x08002e1c                mc_lock_pins
 .text.FOC_Clear
                0x08002f40       0x80 ./Application/User/mc_tasks_foc.o
                0x08002f40                FOC_Clear
 .text.FOC_Init
                0x08002fc0       0xcc ./Application/User/mc_tasks_foc.o
                0x08002fc0                FOC_Init
 .text.FOC_InitAdditionalMethods
                0x0800308c        0x4 ./Application/User/mc_tasks_foc.o
                0x0800308c                FOC_InitAdditionalMethods
 .text.FOC_CalcCurrRef
                0x08003090       0x44 ./Application/User/mc_tasks_foc.o
                0x08003090                FOC_CalcCurrRef
 .text.TSK_MediumFrequencyTaskM1
                0x080030d4      0x1e8 ./Application/User/mc_tasks_foc.o
                0x080030d4                TSK_MediumFrequencyTaskM1
 .text.FOC_HighFrequencyTask
                0x080032bc      0x108 ./Application/User/mc_tasks_foc.o
                0x080032bc                FOC_HighFrequencyTask
 .text.RI_SetRegCommandParser
                0x080033c4       0xe0 ./Application/User/mcp.o
                0x080033c4                RI_SetRegCommandParser
 .text.RI_GetRegCommandParser
                0x080034a4       0x8c ./Application/User/mcp.o
                0x080034a4                RI_GetRegCommandParser
 .text.MCP_ReceivedPacket
                0x08003530      0x1a4 ./Application/User/mcp.o
                0x08003530                MCP_ReceivedPacket
 .text.MX_MotorControl_Init
                0x080036d4       0x3c ./Application/User/motorcontrol.o
                0x080036d4                MX_MotorControl_Init
 .text.startTimers
                0x08003710       0x9c ./Application/User/pwm_common.o
                0x08003710                startTimers
 .text.waitForPolarizationEnd
                0x080037ac       0x3c ./Application/User/pwm_common.o
                0x080037ac                waitForPolarizationEnd
 .text.PWMC_SetPhaseVoltage
                0x080037e8      0x290 ./Application/User/pwm_curr_fdbk.o
                0x080037e8                PWMC_SetPhaseVoltage
 .text.PWMC_SwitchOffPWM
                0x08003a78        0x4 ./Application/User/pwm_curr_fdbk.o
                0x08003a78                PWMC_SwitchOffPWM
 .text.PWMC_SwitchOnPWM
                0x08003a7c        0x4 ./Application/User/pwm_curr_fdbk.o
                0x08003a7c                PWMC_SwitchOnPWM
 .text.PWMC_CurrentReadingCalibr
                0x08003a80       0x34 ./Application/User/pwm_curr_fdbk.o
                0x08003a80                PWMC_CurrentReadingCalibr
 .text.PWMC_DP_Handler
                0x08003ab4       0x40 ./Application/User/pwm_curr_fdbk.o
                0x08003ab4                PWMC_DP_Handler
 .text.PWMC_OVP_Handler
                0x08003af4       0x1c ./Application/User/pwm_curr_fdbk.o
                0x08003af4                PWMC_OVP_Handler
 .text.PWMC_IsFaultOccurred
                0x08003b10       0x38 ./Application/User/pwm_curr_fdbk.o
                0x08003b10                PWMC_IsFaultOccurred
 .text.RI_SetRegisterGlobal
                0x08003b48      0x100 ./Application/User/register_interface.o
                0x08003b48                RI_SetRegisterGlobal
 .text.RI_SetRegisterMotor1
                0x08003c48      0x508 ./Application/User/register_interface.o
                0x08003c48                RI_SetRegisterMotor1
 .text.RI_GetRegisterGlobal
                0x08004150      0x194 ./Application/User/register_interface.o
                0x08004150                RI_GetRegisterGlobal
 .text.RI_GetRegisterMotor1
                0x080042e4      0x750 ./Application/User/register_interface.o
                0x080042e4                RI_GetRegisterMotor1
 .text.RI_GetIDSize
                0x08004a34       0x18 ./Application/User/register_interface.o
                0x08004a34                RI_GetIDSize
 .text.RI_GetPtrReg
                0x08004a4c      0x158 ./Application/User/register_interface.o
                0x08004a4c                RI_GetPtrReg
 .text.RCM_RegisterRegConv
                0x08004ba4      0x244 ./Application/User/regular_conversion_manager.o
                0x08004ba4                RCM_RegisterRegConv
 .text.RCM_ExecRegularConv
                0x08004de8      0x190 ./Application/User/regular_conversion_manager.o
                0x08004de8                RCM_ExecRegularConv
 .text.RCM_ExecUserConv
                0x08004f78       0x68 ./Application/User/regular_conversion_manager.o
                0x08004f78                RCM_ExecUserConv
 .text.RCM_ExecNextConv
                0x08004fe0       0x88 ./Application/User/regular_conversion_manager.o
                0x08004fe0                RCM_ExecNextConv
 .text.RCM_ReadOngoingConv
                0x08005068       0x58 ./Application/User/regular_conversion_manager.o
                0x08005068                RCM_ReadOngoingConv
 .text.USART2_IRQHandler
                0x080050c0      0x120 ./Application/User/stm32_mc_common_it.o
                0x080050c0                USART2_IRQHandler
 .text.HardFault_Handler
                0x080051e0        0x8 ./Application/User/stm32_mc_common_it.o
                0x080051e0                HardFault_Handler
 .text.SysTick_Handler
                0x080051e8       0x44 ./Application/User/stm32_mc_common_it.o
                0x080051e8                SysTick_Handler
 .text.EXTI15_10_IRQHandler
                0x0800522c       0x18 ./Application/User/stm32_mc_common_it.o
                0x0800522c                EXTI15_10_IRQHandler
 .text.HAL_MspInit
                0x08005244       0x40 ./Application/User/stm32g4xx_hal_msp.o
                0x08005244                HAL_MspInit
 *fill*         0x08005284        0x4 
 .text.HAL_ADC_MspInit
                0x08005288      0x238 ./Application/User/stm32g4xx_hal_msp.o
                0x08005288                HAL_ADC_MspInit
 .text.HAL_CORDIC_MspInit
                0x080054c0       0x2c ./Application/User/stm32g4xx_hal_msp.o
                0x080054c0                HAL_CORDIC_MspInit
 *fill*         0x080054ec        0x4 
 .text.HAL_TIM_PWM_MspInit
                0x080054f0       0x74 ./Application/User/stm32g4xx_hal_msp.o
                0x080054f0                HAL_TIM_PWM_MspInit
 .text.HAL_TIM_Base_MspInit
                0x08005564       0x90 ./Application/User/stm32g4xx_hal_msp.o
                0x08005564                HAL_TIM_Base_MspInit
 .text.HAL_TIM_MspPostInit
                0x080055f4       0x8c ./Application/User/stm32g4xx_hal_msp.o
                0x080055f4                HAL_TIM_MspPostInit
 .text.HAL_UART_MspInit
                0x08005680      0x110 ./Application/User/stm32g4xx_hal_msp.o
                0x08005680                HAL_UART_MspInit
 .text.DMA1_Channel1_IRQHandler
                0x08005790        0xc ./Application/User/stm32g4xx_it.o
                0x08005790                DMA1_Channel1_IRQHandler
 .text.ADC1_2_IRQHandler
                0x0800579c        0xc ./Application/User/stm32g4xx_mc_it.o
                0x0800579c                ADC1_2_IRQHandler
 .text.TIM2_IRQHandler
                0x080057a8       0x38 ./Application/User/stm32g4xx_mc_it.o
                0x080057a8                TIM2_IRQHandler
 .text.TIM1_UP_TIM16_IRQHandler
                0x080057e0       0x18 ./Application/User/stm32g4xx_mc_it.o
                0x080057e0                TIM1_UP_TIM16_IRQHandler
 .text.TIM1_BRK_TIM15_IRQHandler
                0x080057f8       0x3c ./Application/User/stm32g4xx_mc_it.o
                0x080057f8                TIM1_BRK_TIM15_IRQHandler
 .text.UASPEP_INIT
                0x08005834       0x84 ./Application/User/usart_aspep_driver.o
                0x08005834                UASPEP_INIT
 .text.UASPEP_CFG_TRANSMISSION
                0x080058b8       0x38 ./Application/User/usart_aspep_driver.o
                0x080058b8                UASPEP_CFG_TRANSMISSION
 .text.UASPEP_CFG_RECEPTION
                0x080058f0       0x3c ./Application/User/usart_aspep_driver.o
                0x080058f0                UASPEP_CFG_RECEPTION
 .text.UASPEP_IDLE_ENABLE
                0x0800592c       0x18 ./Application/User/usart_aspep_driver.o
                0x0800592c                UASPEP_IDLE_ENABLE
 .text.SystemInit
                0x08005944       0x14 ./Drivers/CMSIS/system_stm32g4xx.o
                0x08005944                SystemInit
 .text.HAL_InitTick
                0x08005958       0x4c ./Drivers/STM32G4xx_HAL_Driver/stm32g4xx_hal.o
                0x08005958                HAL_InitTick
 .text.HAL_Init
                0x080059a4       0x30 ./Drivers/STM32G4xx_HAL_Driver/stm32g4xx_hal.o
                0x080059a4                HAL_Init
 .text.HAL_IncTick
                0x080059d4       0x18 ./Drivers/STM32G4xx_HAL_Driver/stm32g4xx_hal.o
                0x080059d4                HAL_IncTick
 .text.HAL_GetTick
                0x080059ec        0xc ./Drivers/STM32G4xx_HAL_Driver/stm32g4xx_hal.o
                0x080059ec                HAL_GetTick
 .text.HAL_Delay
                0x080059f8       0x24 ./Drivers/STM32G4xx_HAL_Driver/stm32g4xx_hal.o
                0x080059f8                HAL_Delay
 .text.HAL_ADC_Init
                0x08005a1c      0x214 ./Drivers/STM32G4xx_HAL_Driver/stm32g4xx_hal_adc.o
                0x08005a1c                HAL_ADC_Init
 .text.HAL_ADC_GetValue
                0x08005c30        0x8 ./Drivers/STM32G4xx_HAL_Driver/stm32g4xx_hal_adc.o
                0x08005c30                HAL_ADC_GetValue
 .text.HAL_ADC_ConfigChannel
                0x08005c38      0x55c ./Drivers/STM32G4xx_HAL_Driver/stm32g4xx_hal_adc.o
                0x08005c38                HAL_ADC_ConfigChannel
 .text.ADC_Enable
                0x08006194       0xe4 ./Drivers/STM32G4xx_HAL_Driver/stm32g4xx_hal_adc.o
                0x08006194                ADC_Enable
 .text.HAL_ADC_Start
                0x08006278      0x104 ./Drivers/STM32G4xx_HAL_Driver/stm32g4xx_hal_adc.o
                0x08006278                HAL_ADC_Start
 .text.HAL_ADCEx_InjectedConfigChannel
                0x0800637c      0x67c ./Drivers/STM32G4xx_HAL_Driver/stm32g4xx_hal_adc_ex.o
                0x0800637c                HAL_ADCEx_InjectedConfigChannel
 .text.HAL_ADCEx_MultiModeConfigChannel
                0x080069f8      0x154 ./Drivers/STM32G4xx_HAL_Driver/stm32g4xx_hal_adc_ex.o
                0x080069f8                HAL_ADCEx_MultiModeConfigChannel
 .text.HAL_CORDIC_Init
                0x08006b4c       0x34 ./Drivers/STM32G4xx_HAL_Driver/stm32g4xx_hal_cordic.o
                0x08006b4c                HAL_CORDIC_Init
 .text.HAL_NVIC_SetPriorityGrouping
                0x08006b80       0x24 ./Drivers/STM32G4xx_HAL_Driver/stm32g4xx_hal_cortex.o
                0x08006b80                HAL_NVIC_SetPriorityGrouping
 .text.HAL_NVIC_SetPriority
                0x08006ba4       0x78 ./Drivers/STM32G4xx_HAL_Driver/stm32g4xx_hal_cortex.o
                0x08006ba4                HAL_NVIC_SetPriority
 .text.HAL_NVIC_EnableIRQ
                0x08006c1c       0x1c ./Drivers/STM32G4xx_HAL_Driver/stm32g4xx_hal_cortex.o
                0x08006c1c                HAL_NVIC_EnableIRQ
 .text.HAL_NVIC_SystemReset
                0x08006c38       0x24 ./Drivers/STM32G4xx_HAL_Driver/stm32g4xx_hal_cortex.o
                0x08006c38                HAL_NVIC_SystemReset
 .text.HAL_SYSTICK_Config
                0x08006c5c       0x34 ./Drivers/STM32G4xx_HAL_Driver/stm32g4xx_hal_cortex.o
                0x08006c5c                HAL_SYSTICK_Config
 .text.HAL_SYSTICK_Callback
                0x08006c90        0x4 ./Drivers/STM32G4xx_HAL_Driver/stm32g4xx_hal_cortex.o
                0x08006c90                HAL_SYSTICK_Callback
 .text.HAL_SYSTICK_IRQHandler
                0x08006c94        0x8 ./Drivers/STM32G4xx_HAL_Driver/stm32g4xx_hal_cortex.o
                0x08006c94                HAL_SYSTICK_IRQHandler
 .text.HAL_DMA_Init
                0x08006c9c      0x124 ./Drivers/STM32G4xx_HAL_Driver/stm32g4xx_hal_dma.o
                0x08006c9c                HAL_DMA_Init
 .text.HAL_DMA_Start_IT
                0x08006dc0       0xb0 ./Drivers/STM32G4xx_HAL_Driver/stm32g4xx_hal_dma.o
                0x08006dc0                HAL_DMA_Start_IT
 .text.HAL_DMA_IRQHandler
                0x08006e70       0x9c ./Drivers/STM32G4xx_HAL_Driver/stm32g4xx_hal_dma.o
                0x08006e70                HAL_DMA_IRQHandler
 .text.HAL_GPIO_Init
                0x08006f0c      0x37c ./Drivers/STM32G4xx_HAL_Driver/stm32g4xx_hal_gpio.o
                0x08006f0c                HAL_GPIO_Init
 .text.HAL_GPIO_ReadPin
                0x08007288        0xc ./Drivers/STM32G4xx_HAL_Driver/stm32g4xx_hal_gpio.o
                0x08007288                HAL_GPIO_ReadPin
 .text.HAL_PWREx_ControlVoltageScaling
                0x08007294       0xe4 ./Drivers/STM32G4xx_HAL_Driver/stm32g4xx_hal_pwr_ex.o
                0x08007294                HAL_PWREx_ControlVoltageScaling
 .text.HAL_PWREx_DisableUCPDDeadBattery
                0x08007378       0x10 ./Drivers/STM32G4xx_HAL_Driver/stm32g4xx_hal_pwr_ex.o
                0x08007378                HAL_PWREx_DisableUCPDDeadBattery
 .text.HAL_RCC_OscConfig
                0x08007388      0x48c ./Drivers/STM32G4xx_HAL_Driver/stm32g4xx_hal_rcc.o
                0x08007388                HAL_RCC_OscConfig
 .text.HAL_RCC_GetSysClockFreq
                0x08007814       0x70 ./Drivers/STM32G4xx_HAL_Driver/stm32g4xx_hal_rcc.o
                0x08007814                HAL_RCC_GetSysClockFreq
 .text.HAL_RCC_ClockConfig
                0x08007884      0x208 ./Drivers/STM32G4xx_HAL_Driver/stm32g4xx_hal_rcc.o
                0x08007884                HAL_RCC_ClockConfig
 .text.HAL_RCC_GetHCLKFreq
                0x08007a8c        0xc ./Drivers/STM32G4xx_HAL_Driver/stm32g4xx_hal_rcc.o
                0x08007a8c                HAL_RCC_GetHCLKFreq
 .text.HAL_RCC_GetPCLK1Freq
                0x08007a98       0x24 ./Drivers/STM32G4xx_HAL_Driver/stm32g4xx_hal_rcc.o
                0x08007a98                HAL_RCC_GetPCLK1Freq
 .text.HAL_RCC_GetPCLK2Freq
                0x08007abc       0x24 ./Drivers/STM32G4xx_HAL_Driver/stm32g4xx_hal_rcc.o
                0x08007abc                HAL_RCC_GetPCLK2Freq
 .text.HAL_RCC_EnableCSS
                0x08007ae0       0x10 ./Drivers/STM32G4xx_HAL_Driver/stm32g4xx_hal_rcc.o
                0x08007ae0                HAL_RCC_EnableCSS
 .text.HAL_RCCEx_PeriphCLKConfig
                0x08007af0      0x318 ./Drivers/STM32G4xx_HAL_Driver/stm32g4xx_hal_rcc_ex.o
                0x08007af0                HAL_RCCEx_PeriphCLKConfig
 .text.TIM_OC1_SetConfig
                0x08007e08       0x80 ./Drivers/STM32G4xx_HAL_Driver/stm32g4xx_hal_tim.o
 .text.TIM_OC3_SetConfig
                0x08007e88       0x88 ./Drivers/STM32G4xx_HAL_Driver/stm32g4xx_hal_tim.o
 .text.TIM_OC4_SetConfig
                0x08007f10       0x88 ./Drivers/STM32G4xx_HAL_Driver/stm32g4xx_hal_tim.o
 .text.HAL_TIM_Base_Init
                0x08007f98      0x154 ./Drivers/STM32G4xx_HAL_Driver/stm32g4xx_hal_tim.o
                0x08007f98                HAL_TIM_Base_Init
 .text.HAL_TIM_PWM_Init
                0x080080ec      0x154 ./Drivers/STM32G4xx_HAL_Driver/stm32g4xx_hal_tim.o
                0x080080ec                HAL_TIM_PWM_Init
 .text.HAL_TIM_ConfigClockSource
                0x08008240      0x1b4 ./Drivers/STM32G4xx_HAL_Driver/stm32g4xx_hal_tim.o
                0x08008240                HAL_TIM_ConfigClockSource
 .text.TIM_Base_SetConfig
                0x080083f4      0x104 ./Drivers/STM32G4xx_HAL_Driver/stm32g4xx_hal_tim.o
                0x080083f4                TIM_Base_SetConfig
 .text.TIM_OC2_SetConfig
                0x080084f8       0x88 ./Drivers/STM32G4xx_HAL_Driver/stm32g4xx_hal_tim.o
                0x080084f8                TIM_OC2_SetConfig
 .text.HAL_TIM_PWM_ConfigChannel
                0x08008580      0x1dc ./Drivers/STM32G4xx_HAL_Driver/stm32g4xx_hal_tim.o
                0x08008580                HAL_TIM_PWM_ConfigChannel
 .text.TIM_TI1_SetConfig
                0x0800875c       0x78 ./Drivers/STM32G4xx_HAL_Driver/stm32g4xx_hal_tim.o
                0x0800875c                TIM_TI1_SetConfig
 .text.HAL_TIMEx_HallSensor_MspInit
                0x080087d4        0x4 ./Drivers/STM32G4xx_HAL_Driver/stm32g4xx_hal_tim_ex.o
                0x080087d4                HAL_TIMEx_HallSensor_MspInit
 .text.HAL_TIMEx_HallSensor_Init
                0x080087d8       0xd4 ./Drivers/STM32G4xx_HAL_Driver/stm32g4xx_hal_tim_ex.o
                0x080087d8                HAL_TIMEx_HallSensor_Init
 .text.HAL_TIMEx_MasterConfigSynchronization
                0x080088ac       0xb4 ./Drivers/STM32G4xx_HAL_Driver/stm32g4xx_hal_tim_ex.o
                0x080088ac                HAL_TIMEx_MasterConfigSynchronization
 .text.HAL_TIMEx_ConfigBreakDeadTime
                0x08008960       0xa4 ./Drivers/STM32G4xx_HAL_Driver/stm32g4xx_hal_tim_ex.o
                0x08008960                HAL_TIMEx_ConfigBreakDeadTime
 .text.HAL_TIMEx_ConfigBreakInput
                0x08008a04      0x120 ./Drivers/STM32G4xx_HAL_Driver/stm32g4xx_hal_tim_ex.o
                0x08008a04                HAL_TIMEx_ConfigBreakInput
 .text.HAL_UART_RxHalfCpltCallback
                0x08008b24        0x4 ./Drivers/STM32G4xx_HAL_Driver/stm32g4xx_hal_uart.o
                0x08008b24                HAL_UART_RxHalfCpltCallback
 .text.HAL_UART_ErrorCallback
                0x08008b28        0x4 ./Drivers/STM32G4xx_HAL_Driver/stm32g4xx_hal_uart.o
                0x08008b28                HAL_UART_ErrorCallback
 .text.UART_DMAError
                0x08008b2c       0xd4 ./Drivers/STM32G4xx_HAL_Driver/stm32g4xx_hal_uart.o
 .text.HAL_UARTEx_RxEventCallback
                0x08008c00        0x4 ./Drivers/STM32G4xx_HAL_Driver/stm32g4xx_hal_uart.o
                0x08008c00                HAL_UARTEx_RxEventCallback
 .text.UART_DMARxHalfCplt
                0x08008c04       0x20 ./Drivers/STM32G4xx_HAL_Driver/stm32g4xx_hal_uart.o
 .text.UART_DMAReceiveCplt
                0x08008c24       0x9c ./Drivers/STM32G4xx_HAL_Driver/stm32g4xx_hal_uart.o
 .text.UART_SetConfig
                0x08008cc0      0x2a0 ./Drivers/STM32G4xx_HAL_Driver/stm32g4xx_hal_uart.o
                0x08008cc0                UART_SetConfig
 .text.UART_AdvFeatureConfig
                0x08008f60       0xb0 ./Drivers/STM32G4xx_HAL_Driver/stm32g4xx_hal_uart.o
                0x08008f60                UART_AdvFeatureConfig
 .text.UART_CheckIdleState
                0x08009010      0x258 ./Drivers/STM32G4xx_HAL_Driver/stm32g4xx_hal_uart.o
                0x08009010                UART_CheckIdleState
 .text.HAL_UART_Init
                0x08009268       0x68 ./Drivers/STM32G4xx_HAL_Driver/stm32g4xx_hal_uart.o
                0x08009268                HAL_UART_Init
 .text.UART_Start_Receive_DMA
                0x080092d0       0xa0 ./Drivers/STM32G4xx_HAL_Driver/stm32g4xx_hal_uart.o
                0x080092d0                UART_Start_Receive_DMA
 .text.HAL_UART_Receive_DMA
                0x08009370       0x44 ./Drivers/STM32G4xx_HAL_Driver/stm32g4xx_hal_uart.o
                0x08009370                HAL_UART_Receive_DMA
 .text.HAL_UARTEx_DisableFifoMode
                0x080093b4       0x3c ./Drivers/STM32G4xx_HAL_Driver/stm32g4xx_hal_uart_ex.o
                0x080093b4                HAL_UARTEx_DisableFifoMode
 .text.HAL_UARTEx_SetTxFifoThreshold
                0x080093f0       0x84 ./Drivers/STM32G4xx_HAL_Driver/stm32g4xx_hal_uart_ex.o
                0x080093f0                HAL_UARTEx_SetTxFifoThreshold
 .text.HAL_UARTEx_SetRxFifoThreshold
                0x08009474       0x84 ./Drivers/STM32G4xx_HAL_Driver/stm32g4xx_hal_uart_ex.o
                0x08009474                HAL_UARTEx_SetRxFifoThreshold
 .text.VBS_GetAvBusVoltage_V
                0x080094f8        0xc ./Middlewares/MotorControl/bus_voltage_sensor.o
                0x080094f8                VBS_GetAvBusVoltage_V
 .text.Circle_Limitation
                0x08009504       0x5c ./Middlewares/MotorControl/circle_limitation.o
                0x08009504                Circle_Limitation
 .text.MCPA_dataLog
                0x08009560      0x17c ./Middlewares/MotorControl/mcpa.o
                0x08009560                MCPA_dataLog
 .text.MCPA_flushDataLog
                0x080096dc       0x5c ./Middlewares/MotorControl/mcpa.o
                0x080096dc                MCPA_flushDataLog
 .text.MCPA_cfgLog
                0x08009738       0xf4 ./Middlewares/MotorControl/mcpa.o
                0x08009738                MCPA_cfgLog
 .text.NTC_SetFaultState
                0x0800982c       0x2c ./Middlewares/MotorControl/ntc_temperature_sensor.o
                0x0800982c                NTC_SetFaultState
 .text.NTC_Init
                0x08009858       0x24 ./Middlewares/MotorControl/ntc_temperature_sensor.o
                0x08009858                NTC_Init
 .text.NTC_CalcAvTemp
                0x0800987c       0x30 ./Middlewares/MotorControl/ntc_temperature_sensor.o
                0x0800987c                NTC_CalcAvTemp
 .text.NTC_GetAvTemp_C
                0x080098ac       0x24 ./Middlewares/MotorControl/ntc_temperature_sensor.o
                0x080098ac                NTC_GetAvTemp_C
 .text.PID_HandleInit
                0x080098d0       0x10 ./Middlewares/MotorControl/pid_regulator.o
                0x080098d0                PID_HandleInit
 .text.PID_SetKP
                0x080098e0        0x4 ./Middlewares/MotorControl/pid_regulator.o
                0x080098e0                PID_SetKP
 .text.PID_SetKI
                0x080098e4        0x4 ./Middlewares/MotorControl/pid_regulator.o
                0x080098e4                PID_SetKI
 .text.PID_GetKP
                0x080098e8        0x8 ./Middlewares/MotorControl/pid_regulator.o
                0x080098e8                PID_GetKP
 .text.PID_GetKI
                0x080098f0        0x8 ./Middlewares/MotorControl/pid_regulator.o
                0x080098f0                PID_GetKI
 .text.PID_SetIntegralTerm
                0x080098f8        0x4 ./Middlewares/MotorControl/pid_regulator.o
                0x080098f8                PID_SetIntegralTerm
 .text.PID_GetKPDivisorPOW2
                0x080098fc        0x4 ./Middlewares/MotorControl/pid_regulator.o
                0x080098fc                PID_GetKPDivisorPOW2
 .text.PID_SetKPDivisorPOW2
                0x08009900        0xc ./Middlewares/MotorControl/pid_regulator.o
                0x08009900                PID_SetKPDivisorPOW2
 .text.PID_GetKIDivisorPOW2
                0x0800990c        0x4 ./Middlewares/MotorControl/pid_regulator.o
                0x0800990c                PID_GetKIDivisorPOW2
 .text.PID_SetLowerIntegralTermLimit
                0x08009910        0x4 ./Middlewares/MotorControl/pid_regulator.o
                0x08009910                PID_SetLowerIntegralTermLimit
 .text.PID_SetUpperIntegralTermLimit
                0x08009914        0x4 ./Middlewares/MotorControl/pid_regulator.o
                0x08009914                PID_SetUpperIntegralTermLimit
 .text.PID_SetKIDivisorPOW2
                0x08009918       0x28 ./Middlewares/MotorControl/pid_regulator.o
                0x08009918                PID_SetKIDivisorPOW2
 .text.PID_SetKD
                0x08009940        0x4 ./Middlewares/MotorControl/pid_regulator.o
                0x08009940                PID_SetKD
 .text.PID_GetKD
                0x08009944        0x8 ./Middlewares/MotorControl/pid_regulator.o
                0x08009944                PID_GetKD
 .text.PID_GetKDDivisorPOW2
                0x0800994c        0x4 ./Middlewares/MotorControl/pid_regulator.o
                0x0800994c                PID_GetKDDivisorPOW2
 .text.PID_SetKDDivisorPOW2
                0x08009950        0xc ./Middlewares/MotorControl/pid_regulator.o
                0x08009950                PID_SetKDDivisorPOW2
 .text.PI_Controller
                0x0800995c       0x80 ./Middlewares/MotorControl/pid_regulator.o
                0x0800995c                PI_Controller
 .text.PQD_CalcElMotorPower
                0x080099dc       0x38 ./Middlewares/MotorControl/pqd_motor_power_measurement.o
                0x080099dc                PQD_CalcElMotorPower
 .text.PQD_GetAvrgElMotorPowerW
                0x08009a14       0x34 ./Middlewares/MotorControl/pqd_motor_power_measurement.o
                0x08009a14                PQD_GetAvrgElMotorPowerW
 .text.R3_2_ADCxInit
                0x08009a48       0xbc ./Middlewares/MotorControl/r3_2_g4xx_pwm_curr_fdbk.o
 .text.R3_2_GetPhaseCurrents
                0x08009b04      0x17c ./Middlewares/MotorControl/r3_2_g4xx_pwm_curr_fdbk.o
                0x08009b04                R3_2_GetPhaseCurrents
 .text.R3_2_SetADCSampPointPolarization
                0x08009c80       0x44 ./Middlewares/MotorControl/r3_2_g4xx_pwm_curr_fdbk.o
                0x08009c80                R3_2_SetADCSampPointPolarization
 .text.R3_2_HFCurrentsPolarizationAB
                0x08009cc4       0x54 ./Middlewares/MotorControl/r3_2_g4xx_pwm_curr_fdbk.o
 .text.R3_2_HFCurrentsPolarizationC
                0x08009d18       0x4c ./Middlewares/MotorControl/r3_2_g4xx_pwm_curr_fdbk.o
 .text.R3_2_SwitchOnPWM
                0x08009d64       0x94 ./Middlewares/MotorControl/r3_2_g4xx_pwm_curr_fdbk.o
                0x08009d64                R3_2_SwitchOnPWM
 .text.R3_2_SwitchOffPWM
                0x08009df8       0x7c ./Middlewares/MotorControl/r3_2_g4xx_pwm_curr_fdbk.o
                0x08009df8                R3_2_SwitchOffPWM
 .text.R3_2_RLGetPhaseCurrents
                0x08009e74       0x54 ./Middlewares/MotorControl/r3_2_g4xx_pwm_curr_fdbk.o
 .text.R3_2_RLSwitchOnPWM
                0x08009ec8       0xb0 ./Middlewares/MotorControl/r3_2_g4xx_pwm_curr_fdbk.o
 .text.R3_2_TurnOnLowSides
                0x08009f78       0x54 ./Middlewares/MotorControl/r3_2_g4xx_pwm_curr_fdbk.o
                0x08009f78                R3_2_TurnOnLowSides
 .text.R3_2_SetAOReferenceVoltage
                0x08009fcc       0x94 ./Middlewares/MotorControl/r3_2_g4xx_pwm_curr_fdbk.o
 .text.R3_2_RLTurnOnLowSides
                0x0800a060       0x50 ./Middlewares/MotorControl/r3_2_g4xx_pwm_curr_fdbk.o
 .text.R3_2_Init
                0x0800a0b0      0x27c ./Middlewares/MotorControl/r3_2_g4xx_pwm_curr_fdbk.o
                0x0800a0b0                R3_2_Init
 .text.R3_2_SetOffsetCalib
                0x0800a32c       0x1c ./Middlewares/MotorControl/r3_2_g4xx_pwm_curr_fdbk.o
                0x0800a32c                R3_2_SetOffsetCalib
 .text.R3_2_GetOffsetCalib
                0x0800a348       0x10 ./Middlewares/MotorControl/r3_2_g4xx_pwm_curr_fdbk.o
                0x0800a348                R3_2_GetOffsetCalib
 .text.R3_2_CurrentReadingPolarization
                0x0800a358      0x148 ./Middlewares/MotorControl/r3_2_g4xx_pwm_curr_fdbk.o
                0x0800a358                R3_2_CurrentReadingPolarization
 .text.R3_2_SetADCSampPointSectX
                0x0800a4a0       0x88 ./Middlewares/MotorControl/r3_2_g4xx_pwm_curr_fdbk.o
                0x0800a4a0                R3_2_SetADCSampPointSectX
 .text.R3_2_TIMx_UP_IRQHandler
                0x0800a528       0x80 ./Middlewares/MotorControl/r3_2_g4xx_pwm_curr_fdbk.o
                0x0800a528                R3_2_TIMx_UP_IRQHandler
 .text.R3_2_RLDetectionModeEnable
                0x0800a5a8       0xd4 ./Middlewares/MotorControl/r3_2_g4xx_pwm_curr_fdbk.o
                0x0800a5a8                R3_2_RLDetectionModeEnable
 .text.R3_2_RLDetectionModeDisable
                0x0800a67c      0x12c ./Middlewares/MotorControl/r3_2_g4xx_pwm_curr_fdbk.o
                0x0800a67c                R3_2_RLDetectionModeDisable
 .text.R3_2_RLDetectionModeSetDuty
                0x0800a7a8       0x84 ./Middlewares/MotorControl/r3_2_g4xx_pwm_curr_fdbk.o
                0x0800a7a8                R3_2_RLDetectionModeSetDuty
 .text.R3_2_RLTurnOnLowSidesAndStart
                0x0800a82c       0x84 ./Middlewares/MotorControl/r3_2_g4xx_pwm_curr_fdbk.o
                0x0800a82c                R3_2_RLTurnOnLowSidesAndStart
 .text.RVBS_Clear
                0x0800a8b0       0x3c ./Middlewares/MotorControl/r_divider_bus_voltage_sensor.o
                0x0800a8b0                RVBS_Clear
 .text.RVBS_Init
                0x0800a8ec        0x8 ./Middlewares/MotorControl/r_divider_bus_voltage_sensor.o
                0x0800a8ec                RVBS_Init
 .text.RVBS_CheckFaultState
                0x0800a8f4       0x50 ./Middlewares/MotorControl/r_divider_bus_voltage_sensor.o
                0x0800a8f4                RVBS_CheckFaultState
 .text.RVBS_CalcAvVbus
                0x0800a944       0x5c ./Middlewares/MotorControl/r_divider_bus_voltage_sensor.o
                0x0800a944                RVBS_CalcAvVbus
 .text.REMNG_Init
                0x0800a9a0       0x10 ./Middlewares/MotorControl/ramp_ext_mngr.o
                0x0800a9a0                REMNG_Init
 .text.SPD_GetAvrgMecSpeedUnit
                0x0800a9b0        0x8 ./Middlewares/MotorControl/speed_pos_fdbk.o
                0x0800a9b0                SPD_GetAvrgMecSpeedUnit
 .text.SPD_IsMecSpeedReliable
                0x0800a9b8       0x6c ./Middlewares/MotorControl/speed_pos_fdbk.o
                0x0800a9b8                SPD_IsMecSpeedReliable
 .text.SPD_GetS16Speed
                0x0800aa24       0x14 ./Middlewares/MotorControl/speed_pos_fdbk.o
                0x0800aa24                SPD_GetS16Speed
 .text.STC_Init
                0x0800aa38       0x2c ./Middlewares/MotorControl/speed_torq_ctrl.o
                0x0800aa38                STC_Init
 .text.STC_Clear
                0x0800aa64       0x10 ./Middlewares/MotorControl/speed_torq_ctrl.o
                0x0800aa64                STC_Clear
 .text.STC_GetMecSpeedRefUnit
                0x0800aa74        0x8 ./Middlewares/MotorControl/speed_torq_ctrl.o
                0x0800aa74                STC_GetMecSpeedRefUnit
 .text.STC_SetControlMode
                0x0800aa7c        0x8 ./Middlewares/MotorControl/speed_torq_ctrl.o
                0x0800aa7c                STC_SetControlMode
 .text.STC_ExecRamp
                0x0800aa84       0x90 ./Middlewares/MotorControl/speed_torq_ctrl.o
                0x0800aa84                STC_ExecRamp
 .text.STC_CalcTorqueReference
                0x0800ab14       0x6c ./Middlewares/MotorControl/speed_torq_ctrl.o
                0x0800ab14                STC_CalcTorqueReference
 .text.STC_GetMecSpeedRefUnitDefault
                0x0800ab80        0x8 ./Middlewares/MotorControl/speed_torq_ctrl.o
                0x0800ab80                STC_GetMecSpeedRefUnitDefault
 .text.STC_GetDefaultIqdref
                0x0800ab88        0xc ./Middlewares/MotorControl/speed_torq_ctrl.o
                0x0800ab88                STC_GetDefaultIqdref
 .text.STC_ForceSpeedReferenceToCurrentSpeed
                0x0800ab94       0x10 ./Middlewares/MotorControl/speed_torq_ctrl.o
                0x0800ab94                STC_ForceSpeedReferenceToCurrentSpeed
 .text.STO_PLL_CalcElAngle
                0x0800aba4      0x1e4 ./Middlewares/MotorControl/sto_pll_speed_pos_fdbk.o
                0x0800aba4                STO_PLL_CalcElAngle
 .text.STO_PLL_CalcAvrgMecSpeedUnit
                0x0800ad88      0x14c ./Middlewares/MotorControl/sto_pll_speed_pos_fdbk.o
                0x0800ad88                STO_PLL_CalcAvrgMecSpeedUnit
 .text.STO_PLL_CalcAvrgElSpeedDpp
                0x0800aed4       0x58 ./Middlewares/MotorControl/sto_pll_speed_pos_fdbk.o
                0x0800aed4                STO_PLL_CalcAvrgElSpeedDpp
 .text.STO_PLL_Clear
                0x0800af2c       0x4c ./Middlewares/MotorControl/sto_pll_speed_pos_fdbk.o
                0x0800af2c                STO_PLL_Clear
 .text.STO_PLL_Init
                0x0800af78       0x74 ./Middlewares/MotorControl/sto_pll_speed_pos_fdbk.o
                0x0800af78                STO_PLL_Init
 .text.STO_PLL_GetEstimatedBemf
                0x0800afec        0x8 ./Middlewares/MotorControl/sto_pll_speed_pos_fdbk.o
                0x0800afec                STO_PLL_GetEstimatedBemf
 .text.STO_PLL_GetEstimatedCurrent
                0x0800aff4       0x24 ./Middlewares/MotorControl/sto_pll_speed_pos_fdbk.o
                0x0800aff4                STO_PLL_GetEstimatedCurrent
 .text.STO_PLL_GetObserverGains
                0x0800b018       0x10 ./Middlewares/MotorControl/sto_pll_speed_pos_fdbk.o
                0x0800b018                STO_PLL_GetObserverGains
 .text.STO_PLL_SetObserverGains
                0x0800b028        0x8 ./Middlewares/MotorControl/sto_pll_speed_pos_fdbk.o
                0x0800b028                STO_PLL_SetObserverGains
 .text.memset   0x0800b030       0x10 C:/ST/STM32CubeIDE_1.18.1/STM32CubeIDE/plugins/com.st.stm32cube.ide.mcu.externaltools.gnu-tools-for-stm32.13.3.rel1.win32_1.0.0.202411081344/tools/bin/../lib/gcc/arm-none-eabi/13.3.1/../../../../arm-none-eabi/lib/thumb/v7e-m+fp/hard\libc_nano.a(libc_a-memset.o)
                0x0800b030                memset
 .text.__libc_init_array
                0x0800b040       0x48 C:/ST/STM32CubeIDE_1.18.1/STM32CubeIDE/plugins/com.st.stm32cube.ide.mcu.externaltools.gnu-tools-for-stm32.13.3.rel1.win32_1.0.0.202411081344/tools/bin/../lib/gcc/arm-none-eabi/13.3.1/../../../../arm-none-eabi/lib/thumb/v7e-m+fp/hard\libc_nano.a(libc_a-init.o)
                0x0800b040                __libc_init_array
 .text.memcpy   0x0800b088       0x1c C:/ST/STM32CubeIDE_1.18.1/STM32CubeIDE/plugins/com.st.stm32cube.ide.mcu.externaltools.gnu-tools-for-stm32.13.3.rel1.win32_1.0.0.202411081344/tools/bin/../lib/gcc/arm-none-eabi/13.3.1/../../../../arm-none-eabi/lib/thumb/v7e-m+fp/hard\libc_nano.a(libc_a-memcpy-stub.o)
                0x0800b088                memcpy
 *(.glue_7)
 .glue_7        0x0800b0a4        0x0 linker stubs
 *(.glue_7t)
 .glue_7t       0x0800b0a4        0x0 linker stubs
 *(.eh_frame)
 .eh_frame      0x0800b0a4        0x0 C:/ST/STM32CubeIDE_1.18.1/STM32CubeIDE/plugins/com.st.stm32cube.ide.mcu.externaltools.gnu-tools-for-stm32.13.3.rel1.win32_1.0.0.202411081344/tools/bin/../lib/gcc/arm-none-eabi/13.3.1/thumb/v7e-m+fp/hard/crtbegin.o
 *(.init)
 .init          0x0800b0a4        0x4 C:/ST/STM32CubeIDE_1.18.1/STM32CubeIDE/plugins/com.st.stm32cube.ide.mcu.externaltools.gnu-tools-for-stm32.13.3.rel1.win32_1.0.0.202411081344/tools/bin/../lib/gcc/arm-none-eabi/13.3.1/thumb/v7e-m+fp/hard/crti.o
                0x0800b0a4                _init
 .init          0x0800b0a8        0x8 C:/ST/STM32CubeIDE_1.18.1/STM32CubeIDE/plugins/com.st.stm32cube.ide.mcu.externaltools.gnu-tools-for-stm32.13.3.rel1.win32_1.0.0.202411081344/tools/bin/../lib/gcc/arm-none-eabi/13.3.1/thumb/v7e-m+fp/hard/crtn.o
 *(.fini)
 .fini          0x0800b0b0        0x4 C:/ST/STM32CubeIDE_1.18.1/STM32CubeIDE/plugins/com.st.stm32cube.ide.mcu.externaltools.gnu-tools-for-stm32.13.3.rel1.win32_1.0.0.202411081344/tools/bin/../lib/gcc/arm-none-eabi/13.3.1/thumb/v7e-m+fp/hard/crti.o
                0x0800b0b0                _fini
 .fini          0x0800b0b4        0x8 C:/ST/STM32CubeIDE_1.18.1/STM32CubeIDE/plugins/com.st.stm32cube.ide.mcu.externaltools.gnu-tools-for-stm32.13.3.rel1.win32_1.0.0.202411081344/tools/bin/../lib/gcc/arm-none-eabi/13.3.1/thumb/v7e-m+fp/hard/crtn.o
                0x0800b0bc                        . = ALIGN (0x4)
                0x0800b0bc                        _etext = .

.vfp11_veneer   0x0800b0bc        0x0
 .vfp11_veneer  0x0800b0bc        0x0 linker stubs

.v4_bx          0x0800b0bc        0x0
 .v4_bx         0x0800b0bc        0x0 linker stubs

.iplt           0x0800b0bc        0x0
 .iplt          0x0800b0bc        0x0 C:/ST/STM32CubeIDE_1.18.1/STM32CubeIDE/plugins/com.st.stm32cube.ide.mcu.externaltools.gnu-tools-for-stm32.13.3.rel1.win32_1.0.0.202411081344/tools/bin/../lib/gcc/arm-none-eabi/13.3.1/thumb/v7e-m+fp/hard/crtbegin.o

.rodata         0x0800b0bc      0x2b8
                0x0800b0bc                        . = ALIGN (0x4)
 *(.rodata)
 *(.rodata*)
 .rodata.CRC4_Lookup4
                0x0800b0bc       0x10 ./Application/User/aspep.o
 .rodata.CRC4_Lookup8
                0x0800b0cc      0x100 ./Application/User/aspep.o
 .rodata.M1_FOCConfig_reg
                0x0800b1cc        0xe ./Application/User/mc_configuration_registers.o
 *fill*         0x0800b1da        0x2 
 .rodata.M1_MotorConfig_reg
                0x0800b1dc       0x3c ./Application/User/mc_configuration_registers.o
 .rodata.M1_ApplicationConfig_reg
                0x0800b218       0x10 ./Application/User/mc_configuration_registers.o
 .rodata.globalConfig_reg
                0x0800b228        0xa ./Application/User/mc_configuration_registers.o
                0x0800b228                globalConfig_reg
 *fill*         0x0800b232        0x2 
 .rodata.FIRMWARE_NAME
                0x0800b234       0x14 ./Application/User/mc_configuration_registers.o
                0x0800b234                FIRMWARE_NAME
 .rodata.M1_PWR_BOARD
                0x0800b248        0xf ./Application/User/mc_configuration_registers.o
 *fill*         0x0800b257        0x1 
 .rodata.CTL_BOARD
                0x0800b258        0xe ./Application/User/mc_configuration_registers.o
                0x0800b258                CTL_BOARD
 *fill*         0x0800b266        0x2 
 .rodata.R3_2_ParamsM1
                0x0800b268       0xb0 ./Application/User/mc_parameters.o
                0x0800b268                R3_2_ParamsM1
 .rodata.CSWTCH.40
                0x0800b318       0x11 ./Application/User/register_interface.o
 *fill*         0x0800b329        0x3 
 .rodata.CHANNEL_OFFSET_TAB
                0x0800b32c        0x8 ./Application/User/usart_aspep_driver.o
 .rodata.APBPrescTable
                0x0800b334        0x8 ./Drivers/CMSIS/system_stm32g4xx.o
                0x0800b334                APBPrescTable
 .rodata.AHBPrescTable
                0x0800b33c       0x10 ./Drivers/CMSIS/system_stm32g4xx.o
                0x0800b33c                AHBPrescTable
 .rodata.UARTPrescTable
                0x0800b34c       0x18 ./Drivers/STM32G4xx_HAL_Driver/stm32g4xx_hal_uart.o
                0x0800b34c                UARTPrescTable
 .rodata.denominator.0
                0x0800b364        0x8 ./Drivers/STM32G4xx_HAL_Driver/stm32g4xx_hal_uart_ex.o
 .rodata.numerator.1
                0x0800b36c        0x8 ./Drivers/STM32G4xx_HAL_Driver/stm32g4xx_hal_uart_ex.o
                0x0800b374                        . = ALIGN (0x4)

.ARM.extab      0x0800b374        0x0
                0x0800b374                        . = ALIGN (0x4)
 *(.ARM.extab* .gnu.linkonce.armextab.*)
                0x0800b374                        . = ALIGN (0x4)

.ARM            0x0800b374        0x8
                0x0800b374                        . = ALIGN (0x4)
                0x0800b374                        __exidx_start = .
 *(.ARM.exidx*)
 .ARM.exidx     0x0800b374        0x8 C:/ST/STM32CubeIDE_1.18.1/STM32CubeIDE/plugins/com.st.stm32cube.ide.mcu.externaltools.gnu-tools-for-stm32.13.3.rel1.win32_1.0.0.202411081344/tools/bin/../lib/gcc/arm-none-eabi/13.3.1/thumb/v7e-m+fp/hard\libgcc.a(_udivmoddi4.o)
                0x0800b37c                        __exidx_end = .
                0x0800b37c                        . = ALIGN (0x4)

.preinit_array  0x0800b37c        0x0
                0x0800b37c                        . = ALIGN (0x4)
                0x0800b37c                        PROVIDE (__preinit_array_start = .)
 *(.preinit_array*)
                0x0800b37c                        PROVIDE (__preinit_array_end = .)
                0x0800b37c                        . = ALIGN (0x4)

.init_array     0x0800b37c        0x4
                0x0800b37c                        . = ALIGN (0x4)
                0x0800b37c                        PROVIDE (__init_array_start = .)
 *(SORT_BY_NAME(.init_array.*))
 *(.init_array*)
 .init_array    0x0800b37c        0x4 C:/ST/STM32CubeIDE_1.18.1/STM32CubeIDE/plugins/com.st.stm32cube.ide.mcu.externaltools.gnu-tools-for-stm32.13.3.rel1.win32_1.0.0.202411081344/tools/bin/../lib/gcc/arm-none-eabi/13.3.1/thumb/v7e-m+fp/hard/crtbegin.o
                0x0800b380                        PROVIDE (__init_array_end = .)
                0x0800b380                        . = ALIGN (0x4)

.fini_array     0x0800b380        0x4
                0x0800b380                        . = ALIGN (0x4)
                [!provide]                        PROVIDE (__fini_array_start = .)
 *(SORT_BY_NAME(.fini_array.*))
 *(.fini_array*)
 .fini_array    0x0800b380        0x4 C:/ST/STM32CubeIDE_1.18.1/STM32CubeIDE/plugins/com.st.stm32cube.ide.mcu.externaltools.gnu-tools-for-stm32.13.3.rel1.win32_1.0.0.202411081344/tools/bin/../lib/gcc/arm-none-eabi/13.3.1/thumb/v7e-m+fp/hard/crtbegin.o
                [!provide]                        PROVIDE (__fini_array_end = .)
                0x0800b384                        . = ALIGN (0x4)
                0x0800b384                        _sidata = LOADADDR (.data)

.rel.dyn        0x0800b384        0x0
 .rel.iplt      0x0800b384        0x0 C:/ST/STM32CubeIDE_1.18.1/STM32CubeIDE/plugins/com.st.stm32cube.ide.mcu.externaltools.gnu-tools-for-stm32.13.3.rel1.win32_1.0.0.202411081344/tools/bin/../lib/gcc/arm-none-eabi/13.3.1/thumb/v7e-m+fp/hard/crtbegin.o

.data           0x20000000      0x514 load address 0x0800b384
                0x20000000                        . = ALIGN (0x4)
                0x20000000                        _sdata = .
 *(.data)
 *(.data*)
 .data.rpm_max  0x20000000        0x4 ./Application/User/main.o
                0x20000000                rpm_max
 .data.rpm_low  0x20000004        0x4 ./Application/User/main.o
                0x20000004                rpm_low
 .data.raw_max  0x20000008        0x4 ./Application/User/main.o
                0x20000008                raw_max
 .data.raw_min  0x2000000c        0x4 ./Application/User/main.o
                0x2000000c                raw_min
 .data.Mci      0x20000010       0x2c ./Application/User/mc_config.o
                0x20000010                Mci
 .data.pMPM     0x2000003c        0x4 ./Application/User/mc_config.o
                0x2000003c                pMPM
 .data.pPIDId   0x20000040        0x4 ./Application/User/mc_config.o
                0x20000040                pPIDId
 .data.pPIDIq   0x20000044        0x4 ./Application/User/mc_config.o
                0x20000044                pPIDIq
 .data.pSTC     0x20000048        0x4 ./Application/User/mc_config.o
                0x20000048                pSTC
 .data.CircleLimitationM1
                0x2000004c        0x4 ./Application/User/mc_config.o
                0x2000004c                CircleLimitationM1
 .data.RampExtMngrHFParamsM1
                0x20000050       0x18 ./Application/User/mc_config.o
                0x20000050                RampExtMngrHFParamsM1
 .data.HALL_M1  0x20000068       0xcc ./Application/User/mc_config.o
                0x20000068                HALL_M1
 .data.STO_PLL_M1
                0x20000134      0x128 ./Application/User/mc_config.o
                0x20000134                STO_PLL_M1
 .data.PWM_Handle_M1
                0x2000025c       0xa4 ./Application/User/mc_config.o
                0x2000025c                PWM_Handle_M1
 .data.SpeednTorqCtrlM1
                0x20000300       0x34 ./Application/User/mc_config.o
                0x20000300                SpeednTorqCtrlM1
 .data.PIDIdHandle_M1
                0x20000334       0x2c ./Application/User/mc_config.o
                0x20000334                PIDIdHandle_M1
 .data.PIDIqHandle_M1
                0x20000360       0x2c ./Application/User/mc_config.o
                0x20000360                PIDIqHandle_M1
 .data.PIDSpeedHandle_M1
                0x2000038c       0x2c ./Application/User/mc_config.o
                0x2000038c                PIDSpeedHandle_M1
 .data.PQD_MotorPowMeasM1
                0x200003b8       0x10 ./Application/User/mc_config.o
                0x200003b8                PQD_MotorPowMeasM1
 .data.BusVoltageSensor_M1
                0x200003c8       0x1c ./Application/User/mc_config_common.o
                0x200003c8                BusVoltageSensor_M1
 .data.VbusRegConv_M1
                0x200003e4       0x10 ./Application/User/mc_config_common.o
                0x200003e4                VbusRegConv_M1
 .data.TempSensor_M1
                0x200003f4       0x1c ./Application/User/mc_config_common.o
                0x200003f4                TempSensor_M1
 .data.TempRegConv_M1
                0x20000410       0x10 ./Application/User/mc_config_common.o
                0x20000410                TempRegConv_M1
 .data.ApplicationConfig_reg
                0x20000420        0x4 ./Application/User/mc_configuration_registers.o
                0x20000420                ApplicationConfig_reg
 .data.MotorConfig_reg
                0x20000424        0x4 ./Application/User/mc_configuration_registers.o
                0x20000424                MotorConfig_reg
 .data.FOCConfig_reg
                0x20000428        0x4 ./Application/User/mc_configuration_registers.o
                0x20000428                FOCConfig_reg
 .data.PWR_BOARD_NAME
                0x2000042c        0x4 ./Application/User/mc_configuration_registers.o
                0x2000042c                PWR_BOARD_NAME
 .data.scaleParams_M1
                0x20000430       0x10 ./Application/User/mc_parameters.o
                0x20000430                scaleParams_M1
 .data.MCPA_UART_A
                0x20000440       0x2c ./Application/User/mcp_config.o
                0x20000440                MCPA_UART_A
 .data.MCP_Over_UartA
                0x2000046c       0x10 ./Application/User/mcp_config.o
                0x2000046c                MCP_Over_UartA
 .data.aspepOverUartA
                0x2000047c       0x74 ./Application/User/mcp_config.o
                0x2000047c                aspepOverUartA
 .data.UASPEP_A
                0x200004f0       0x14 ./Application/User/mcp_config.o
 .data.SystickDividerCounter.0
                0x20000504        0x1 ./Application/User/stm32_mc_common_it.o
 *fill*         0x20000505        0x3 
 .data.SystemCoreClock
                0x20000508        0x4 ./Drivers/CMSIS/system_stm32g4xx.o
                0x20000508                SystemCoreClock
 .data.uwTickFreq
                0x2000050c        0x4 ./Drivers/STM32G4xx_HAL_Driver/stm32g4xx_hal.o
                0x2000050c                uwTickFreq
 .data.uwTickPrio
                0x20000510        0x4 ./Drivers/STM32G4xx_HAL_Driver/stm32g4xx_hal.o
                0x20000510                uwTickPrio
 *(.RamFunc)
 *(.RamFunc*)
                0x20000514                        . = ALIGN (0x4)
                0x20000514                        _edata = .

.igot.plt       0x20000514        0x0 load address 0x0800b898
 .igot.plt      0x20000514        0x0 C:/ST/STM32CubeIDE_1.18.1/STM32CubeIDE/plugins/com.st.stm32cube.ide.mcu.externaltools.gnu-tools-for-stm32.13.3.rel1.win32_1.0.0.202411081344/tools/bin/../lib/gcc/arm-none-eabi/13.3.1/thumb/v7e-m+fp/hard/crtbegin.o
                0x20000514                        . = ALIGN (0x4)

.bss            0x20000514     0x1778 load address 0x0800b898
                0x20000514                        _sbss = .
                0x20000514                        __bss_start__ = _sbss
 *(.bss)
 .bss           0x20000514       0x1c C:/ST/STM32CubeIDE_1.18.1/STM32CubeIDE/plugins/com.st.stm32cube.ide.mcu.externaltools.gnu-tools-for-stm32.13.3.rel1.win32_1.0.0.202411081344/tools/bin/../lib/gcc/arm-none-eabi/13.3.1/thumb/v7e-m+fp/hard/crtbegin.o
 *(.bss*)
 .bss.STATE     0x20000530        0x1 ./Application/User/main.o
                0x20000530                STATE
 .bss.valid     0x20000531        0x1 ./Application/User/main.o
                0x20000531                valid
 *fill*         0x20000532        0x2 
 .bss.pot_lim   0x20000534        0x4 ./Application/User/main.o
                0x20000534                pot_lim
 .bss.singleByte
                0x20000538        0x1 ./Application/User/main.o
                0x20000538                singleByte
 .bss.is_calibrated
                0x20000539        0x1 ./Application/User/main.o
                0x20000539                is_calibrated
 .bss.pinState_PC9
                0x2000053a        0x1 ./Application/User/main.o
                0x2000053a                pinState_PC9
 *fill*         0x2000053b        0x1 
 .bss.stringdata
                0x2000053c        0x2 ./Application/User/main.o
                0x2000053c                stringdata
 *fill*         0x2000053e        0x2 
 .bss.RxData    0x20000540        0x5 ./Application/User/main.o
                0x20000540                RxData
 *fill*         0x20000545        0x1 
 .bss.checks    0x20000546        0x2 ./Application/User/main.o
                0x20000546                checks
 .bss.checks_curr
                0x20000548        0x2 ./Application/User/main.o
                0x20000548                checks_curr
 .bss.checks_speed
                0x2000054a        0x2 ./Application/User/main.o
                0x2000054a                checks_speed
 .bss.checks_driver
                0x2000054c        0x2 ./Application/User/main.o
                0x2000054c                checks_driver
 *fill*         0x2000054e        0x2 
 .bss.pot_adjusted
                0x20000550        0x4 ./Application/User/main.o
                0x20000550                pot_adjusted
 .bss.pot       0x20000554        0x4 ./Application/User/main.o
                0x20000554                pot
 .bss.pot_hardware
                0x20000558        0x4 ./Application/User/main.o
                0x20000558                pot_hardware
 .bss.pot_software
                0x2000055c        0x4 ./Application/User/main.o
                0x2000055c                pot_software
 .bss.pot_2     0x20000560        0x4 ./Application/User/main.o
                0x20000560                pot_2
 .bss.hdma_usart2_tx
                0x20000564       0x60 ./Application/User/main.o
                0x20000564                hdma_usart2_tx
 .bss.hdma_usart2_rx
                0x200005c4       0x60 ./Application/User/main.o
                0x200005c4                hdma_usart2_rx
 .bss.huart2    0x20000624       0x94 ./Application/User/main.o
                0x20000624                huart2
 .bss.htim2     0x200006b8       0x4c ./Application/User/main.o
                0x200006b8                htim2
 .bss.htim1     0x20000704       0x4c ./Application/User/main.o
                0x20000704                htim1
 .bss.hcordic   0x20000750       0x28 ./Application/User/main.o
                0x20000750                hcordic
 .bss.hadc4     0x20000778       0x6c ./Application/User/main.o
                0x20000778                hadc4
 .bss.hadc3     0x200007e4       0x6c ./Application/User/main.o
                0x200007e4                hadc3
 .bss.hadc2     0x20000850       0x6c ./Application/User/main.o
                0x20000850                hadc2
 .bss.hadc1     0x200008bc       0x6c ./Application/User/main.o
                0x200008bc                hadc1
 .bss.pREMNG    0x20000928        0x4 ./Application/User/mc_config.o
                0x20000928                pREMNG
 .bss.FOCVars   0x2000092c       0x26 ./Application/User/mc_config.o
                0x2000092c                FOCVars
 *fill*         0x20000952        0x2 
 .bss.pwmcHandle
                0x20000954        0x4 ./Application/User/mc_config_common.o
                0x20000954                pwmcHandle
 .bss.PerfTraces
                0x20000958       0x28 ./Application/User/mc_config_common.o
                0x20000958                PerfTraces
 .bss.RealBusVoltageSensorFilterBufferM1
                0x20000980        0xc ./Application/User/mc_config_common.o
 .bss.bMCBootCompleted
                0x2000098c        0x1 ./Application/User/mc_tasks.o
 *fill*         0x2000098d        0x1 
 .bss.hStopPermanencyCounterM1
                0x2000098e        0x2 ./Application/User/mc_tasks.o
 .bss.hBootCapDelayCounterM1
                0x20000990        0x2 ./Application/User/mc_tasks.o
 .bss.hMFTaskCounterM1
                0x20000992        0x2 ./Application/User/mc_tasks.o
 .bss.MCP_UserCallBack
                0x20000994        0x8 ./Application/User/mcp_config.o
                0x20000994                MCP_UserCallBack
 .bss.dataSizeTableBuffA
                0x2000099c        0xa ./Application/User/mcp_config.o
 *fill*         0x200009a6        0x2 
 .bss.dataSizeTableA
                0x200009a8        0xa ./Application/User/mcp_config.o
 *fill*         0x200009b2        0x2 
 .bss.dataPtrTableBuffA
                0x200009b4       0x28 ./Application/User/mcp_config.o
 .bss.dataPtrTableA
                0x200009dc       0x28 ./Application/User/mcp_config.o
 .bss.MCPAsyncBuffUARTA_B
                0x20000a04      0x806 ./Application/User/mcp_config.o
 *fill*         0x2000120a        0x2 
 .bss.MCPAsyncBuffUARTA_A
                0x2000120c      0x806 ./Application/User/mcp_config.o
 *fill*         0x20001a12        0x2 
 .bss.MCPSyncRXBuff
                0x20001a14      0x102 ./Application/User/mcp_config.o
 *fill*         0x20001b16        0x2 
 .bss.MCPSyncTxBuff
                0x20001b18      0x106 ./Application/User/mcp_config.o
 *fill*         0x20001c1e        0x2 
 .bss.pMCI      0x20001c20        0x4 ./Application/User/motorcontrol.o
                0x20001c20                pMCI
 .bss.nullData16.0
                0x20001c24        0x2 ./Application/User/register_interface.o
 *fill*         0x20001c26        0x2 
 .bss.RCM_UserConvHandle
                0x20001c28        0x4 ./Application/User/regular_conversion_manager.o
 .bss.RCM_UserConvState
                0x20001c2c        0x1 ./Application/User/regular_conversion_manager.o
 *fill*         0x20001c2d        0x1 
 .bss.RCM_UserConvValue
                0x20001c2e        0x2 ./Application/User/regular_conversion_manager.o
 .bss.RCM_currentHandle
                0x20001c30        0x1 ./Application/User/regular_conversion_manager.o
 *fill*         0x20001c31        0x3 
 .bss.RCM_NoInj_array
                0x20001c34       0x18 ./Application/User/regular_conversion_manager.o
 .bss.RCM_CB_array
                0x20001c4c       0x20 ./Application/User/regular_conversion_manager.o
 .bss.RCM_handle_array
                0x20001c6c       0x10 ./Application/User/regular_conversion_manager.o
 .bss.HAL_RCC_ADC345_CLK_ENABLED
                0x20001c7c        0x4 ./Application/User/stm32g4xx_hal_msp.o
 .bss.HAL_RCC_ADC12_CLK_ENABLED
                0x20001c80        0x4 ./Application/User/stm32g4xx_hal_msp.o
 .bss.uwTick    0x20001c84        0x4 ./Drivers/STM32G4xx_HAL_Driver/stm32g4xx_hal.o
                0x20001c84                uwTick
 .bss.GLOBAL_TIMESTAMP
                0x20001c88        0x4 ./Middlewares/MotorControl/mcpa.o
                0x20001c88                GLOBAL_TIMESTAMP
 *(COMMON)
                0x20001c8c                        . = ALIGN (0x4)
                0x20001c8c                        _ebss = .
                0x20001c8c                        __bss_end__ = _ebss

._user_heap_stack
                0x20001c8c      0x604 load address 0x0800b898
                0x20001c90                        . = ALIGN (0x8)
 *fill*         0x20001c8c        0x4 
                [!provide]                        PROVIDE (end = .)
                0x20001c90                        PROVIDE (_end = .)
                0x20001e90                        . = (. + _Min_Heap_Size)
 *fill*         0x20001c90      0x200 
                0x20002290                        . = (. + _Min_Stack_Size)
 *fill*         0x20001e90      0x400 
                0x20002290                        . = ALIGN (0x8)

/DISCARD/
 libc.a(*)
 libm.a(*)
 libgcc.a(*)

.ARM.attributes
                0x00000000       0x30
 *(.ARM.attributes)
 .ARM.attributes
                0x00000000       0x22 C:/ST/STM32CubeIDE_1.18.1/STM32CubeIDE/plugins/com.st.stm32cube.ide.mcu.externaltools.gnu-tools-for-stm32.13.3.rel1.win32_1.0.0.202411081344/tools/bin/../lib/gcc/arm-none-eabi/13.3.1/thumb/v7e-m+fp/hard/crti.o
 .ARM.attributes
                0x00000022       0x34 C:/ST/STM32CubeIDE_1.18.1/STM32CubeIDE/plugins/com.st.stm32cube.ide.mcu.externaltools.gnu-tools-for-stm32.13.3.rel1.win32_1.0.0.202411081344/tools/bin/../lib/gcc/arm-none-eabi/13.3.1/thumb/v7e-m+fp/hard/crtbegin.o
 .ARM.attributes
                0x00000056       0x21 ./Application/Startup/startup_stm32g474retx.o
 .ARM.attributes
                0x00000077       0x30 ./Application/User/aspep.o
 .ARM.attributes
                0x000000a7       0x30 ./Application/User/hall_speed_pos_fdbk.o
 .ARM.attributes
                0x000000d7       0x30 ./Application/User/main.o
 .ARM.attributes
                0x00000107       0x30 ./Application/User/mc_api.o
 .ARM.attributes
                0x00000137       0x30 ./Application/User/mc_app_hooks.o
 .ARM.attributes
                0x00000167       0x30 ./Application/User/mc_config.o
 .ARM.attributes
                0x00000197       0x30 ./Application/User/mc_config_common.o
 .ARM.attributes
                0x000001c7       0x30 ./Application/User/mc_configuration_registers.o
 .ARM.attributes
                0x000001f7       0x30 ./Application/User/mc_interface.o
 .ARM.attributes
                0x00000227       0x30 ./Application/User/mc_math.o
 .ARM.attributes
                0x00000257       0x30 ./Application/User/mc_parameters.o
 .ARM.attributes
                0x00000287       0x30 ./Application/User/mc_perf.o
 .ARM.attributes
                0x000002b7       0x30 ./Application/User/mc_tasks.o
 .ARM.attributes
                0x000002e7       0x30 ./Application/User/mc_tasks_foc.o
 .ARM.attributes
                0x00000317       0x30 ./Application/User/mcp.o
 .ARM.attributes
                0x00000347       0x30 ./Application/User/mcp_config.o
 .ARM.attributes
                0x00000377       0x30 ./Application/User/motorcontrol.o
 .ARM.attributes
                0x000003a7       0x30 ./Application/User/pwm_common.o
 .ARM.attributes
                0x000003d7       0x30 ./Application/User/pwm_curr_fdbk.o
 .ARM.attributes
                0x00000407       0x30 ./Application/User/register_interface.o
 .ARM.attributes
                0x00000437       0x30 ./Application/User/regular_conversion_manager.o
 .ARM.attributes
                0x00000467       0x30 ./Application/User/stm32_mc_common_it.o
 .ARM.attributes
                0x00000497       0x30 ./Application/User/stm32g4xx_hal_msp.o
 .ARM.attributes
                0x000004c7       0x30 ./Application/User/stm32g4xx_it.o
 .ARM.attributes
                0x000004f7       0x30 ./Application/User/stm32g4xx_mc_it.o
 .ARM.attributes
                0x00000527       0x30 ./Application/User/usart_aspep_driver.o
 .ARM.attributes
                0x00000557       0x30 ./Drivers/CMSIS/system_stm32g4xx.o
 .ARM.attributes
                0x00000587       0x30 ./Drivers/STM32G4xx_HAL_Driver/stm32g4xx_hal.o
 .ARM.attributes
                0x000005b7       0x30 ./Drivers/STM32G4xx_HAL_Driver/stm32g4xx_hal_adc.o
 .ARM.attributes
                0x000005e7       0x30 ./Drivers/STM32G4xx_HAL_Driver/stm32g4xx_hal_adc_ex.o
 .ARM.attributes
                0x00000617       0x30 ./Drivers/STM32G4xx_HAL_Driver/stm32g4xx_hal_cordic.o
 .ARM.attributes
                0x00000647       0x30 ./Drivers/STM32G4xx_HAL_Driver/stm32g4xx_hal_cortex.o
 .ARM.attributes
                0x00000677       0x30 ./Drivers/STM32G4xx_HAL_Driver/stm32g4xx_hal_dma.o
 .ARM.attributes
                0x000006a7       0x30 ./Drivers/STM32G4xx_HAL_Driver/stm32g4xx_hal_gpio.o
 .ARM.attributes
                0x000006d7       0x30 ./Drivers/STM32G4xx_HAL_Driver/stm32g4xx_hal_pwr_ex.o
 .ARM.attributes
                0x00000707       0x30 ./Drivers/STM32G4xx_HAL_Driver/stm32g4xx_hal_rcc.o
 .ARM.attributes
                0x00000737       0x30 ./Drivers/STM32G4xx_HAL_Driver/stm32g4xx_hal_rcc_ex.o
 .ARM.attributes
                0x00000767       0x30 ./Drivers/STM32G4xx_HAL_Driver/stm32g4xx_hal_tim.o
 .ARM.attributes
                0x00000797       0x30 ./Drivers/STM32G4xx_HAL_Driver/stm32g4xx_hal_tim_ex.o
 .ARM.attributes
                0x000007c7       0x30 ./Drivers/STM32G4xx_HAL_Driver/stm32g4xx_hal_uart.o
 .ARM.attributes
                0x000007f7       0x30 ./Drivers/STM32G4xx_HAL_Driver/stm32g4xx_hal_uart_ex.o
 .ARM.attributes
                0x00000827       0x30 ./Middlewares/MotorControl/bus_voltage_sensor.o
 .ARM.attributes
                0x00000857       0x30 ./Middlewares/MotorControl/circle_limitation.o
 .ARM.attributes
                0x00000887       0x30 ./Middlewares/MotorControl/mcpa.o
 .ARM.attributes
                0x000008b7       0x30 ./Middlewares/MotorControl/ntc_temperature_sensor.o
 .ARM.attributes
                0x000008e7       0x30 ./Middlewares/MotorControl/pid_regulator.o
 .ARM.attributes
                0x00000917       0x30 ./Middlewares/MotorControl/pqd_motor_power_measurement.o
 .ARM.attributes
                0x00000947       0x30 ./Middlewares/MotorControl/r3_2_g4xx_pwm_curr_fdbk.o
 .ARM.attributes
                0x00000977       0x30 ./Middlewares/MotorControl/r_divider_bus_voltage_sensor.o
 .ARM.attributes
                0x000009a7       0x30 ./Middlewares/MotorControl/ramp_ext_mngr.o
 .ARM.attributes
                0x000009d7       0x30 ./Middlewares/MotorControl/speed_pos_fdbk.o
 .ARM.attributes
                0x00000a07       0x30 ./Middlewares/MotorControl/speed_torq_ctrl.o
 .ARM.attributes
                0x00000a37       0x30 ./Middlewares/MotorControl/sto_pll_speed_pos_fdbk.o
 .ARM.attributes
                0x00000a67       0x34 C:/ST/STM32CubeIDE_1.18.1/STM32CubeIDE/plugins/com.st.stm32cube.ide.mcu.externaltools.gnu-tools-for-stm32.13.3.rel1.win32_1.0.0.202411081344/tools/bin/../lib/gcc/arm-none-eabi/13.3.1/../../../../arm-none-eabi/lib/thumb/v7e-m+fp/hard\libc_nano.a(libc_a-memset.o)
 .ARM.attributes
                0x00000a9b       0x34 C:/ST/STM32CubeIDE_1.18.1/STM32CubeIDE/plugins/com.st.stm32cube.ide.mcu.externaltools.gnu-tools-for-stm32.13.3.rel1.win32_1.0.0.202411081344/tools/bin/../lib/gcc/arm-none-eabi/13.3.1/../../../../arm-none-eabi/lib/thumb/v7e-m+fp/hard\libc_nano.a(libc_a-init.o)
 .ARM.attributes
                0x00000acf       0x34 C:/ST/STM32CubeIDE_1.18.1/STM32CubeIDE/plugins/com.st.stm32cube.ide.mcu.externaltools.gnu-tools-for-stm32.13.3.rel1.win32_1.0.0.202411081344/tools/bin/../lib/gcc/arm-none-eabi/13.3.1/../../../../arm-none-eabi/lib/thumb/v7e-m+fp/hard\libc_nano.a(libc_a-memcpy-stub.o)
 .ARM.attributes
                0x00000b03       0x22 C:/ST/STM32CubeIDE_1.18.1/STM32CubeIDE/plugins/com.st.stm32cube.ide.mcu.externaltools.gnu-tools-for-stm32.13.3.rel1.win32_1.0.0.202411081344/tools/bin/../lib/gcc/arm-none-eabi/13.3.1/thumb/v7e-m+fp/hard\libgcc.a(_arm_muldf3.o)
 .ARM.attributes
                0x00000b25       0x22 C:/ST/STM32CubeIDE_1.18.1/STM32CubeIDE/plugins/com.st.stm32cube.ide.mcu.externaltools.gnu-tools-for-stm32.13.3.rel1.win32_1.0.0.202411081344/tools/bin/../lib/gcc/arm-none-eabi/13.3.1/thumb/v7e-m+fp/hard\libgcc.a(_arm_addsubdf3.o)