C:/Users/malbo/Desktop/High power board/1000W_20A_RUN/440W_HallSensor_01_09_25/Mostafa_P/Mostafa_P_4/autonomous v101 20khz/Src/main.c:136:6:HAL_UART_RxCpltCallback	9
C:/Users/malbo/Desktop/High power board/1000W_20A_RUN/440W_HallSensor_01_09_25/Mostafa_P/Mostafa_P_4/autonomous v101 20khz/Src/main.c:338:6:SystemClock_Config	3
C:/Users/malbo/Desktop/High power board/1000W_20A_RUN/440W_HallSensor_01_09_25/Mostafa_P/Mostafa_P_4/autonomous v101 20khz/Src/main.c:191:5:main	47
C:/Users/malbo/Desktop/High power board/1000W_20A_RUN/440W_HallSensor_01_09_25/Mostafa_P/Mostafa_P_4/autonomous v101 20khz/Src/main.c:996:6:Error_Handler	1
