C:/Users/malbo/Desktop/High power board/1000W_20A_RUN/440W_HallSensor_01_09_25/Mostafa_P/Mostafa_P_4/autonomous v101 20khz/Src/usart_aspep_driver.c:44:6:UASPEP_INIT	8	static,ignoring_inline_asm
C:/Users/malbo/Desktop/High power board/1000W_20A_RUN/440W_HallSensor_01_09_25/Mostafa_P/Mostafa_P_4/autonomous v101 20khz/Src/usart_aspep_driver.c:56:6:UASPEP_TX_INIT	4	static,ignoring_inline_asm
C:/Users/malbo/Desktop/High power board/1000W_20A_RUN/440W_HallSensor_01_09_25/Mostafa_P/Mostafa_P_4/autonomous v101 20khz/Src/usart_aspep_driver.c:93:6:UASPEP_RX_INIT	4	static,ignoring_inline_asm
C:/Users/malbo/Desktop/High power board/1000W_20A_RUN/440W_HallSensor_01_09_25/Mostafa_P/Mostafa_P_4/autonomous v101 20khz/Src/usart_aspep_driver.c:130:6:UASPEP_CFG_TRANSMISSION	4	static
C:/Users/malbo/Desktop/High power board/1000W_20A_RUN/440W_HallSensor_01_09_25/Mostafa_P/Mostafa_P_4/autonomous v101 20khz/Src/usart_aspep_driver.c:153:6:UASPEP_CFG_RECEPTION	4	static
C:/Users/malbo/Desktop/High power board/1000W_20A_RUN/440W_HallSensor_01_09_25/Mostafa_P/Mostafa_P_4/autonomous v101 20khz/Src/usart_aspep_driver.c:169:6:UASPEP_IDLE_ENABLE	0	static,ignoring_inline_asm
